2026-05-07 11:42:51,592 - Code.Dynamic_War_Manager.Source.Context.Context - ERROR - get_dimension - Invalid asset type: Missile. Expected 'Vehicle' or 'Ship'. Exit.
2026-05-07 11:42:51,592 - Code.Dynamic_War_Manager.Source.Context.Context - ERROR - get_dimension - Invalid dimensions: length=5, width=2, height=-1, weight=10. All values must be non-negative. Exit.
2026-05-07 11:42:51,592 - Code.Dynamic_War_Manager.Source.Context.Context - ERROR - get_dimension - Invalid dimensions: length=-1, width=2, height=2, weight=10. All values must be non-negative. Exit.
2026-05-07 11:42:51,592 - Code.Dynamic_War_Manager.Source.Context.Context - ERROR - get_dimension - Invalid dimensions: length=5, width=2, height=2, weight=-1. All values must be non-negative. Exit.
2026-05-07 11:42:51,593 - Code.Dynamic_War_Manager.Source.Context.Context - ERROR - get_dimension - Invalid dimensions: length=5, width=-1, height=2, weight=10. All values must be non-negative. Exit.
2026-05-07 11:42:51,593 - Code.Dynamic_War_Manager.Source.Context.Context - ERROR - get_dimension - Invalid class_size_structure: NonExistentStructure. Expected one of: ['Bridge', 'Hangar', 'Depot', 'Oil_Tank', 'Farm', 'Power_Plant', 'Station', 'Building', 'Factory', 'Barrack']. Exit.
2026-05-07 11:42:51,593 - Code.Dynamic_War_Manager.Source.Context.Context - ERROR - get_dimension - class_size_structure parameter is required for asset_type 'Structure'. Exit.
2026-05-07 11:42:51,593 - Code.Dynamic_War_Manager.Source.Context.Context - WARNING - get_dimension - Asset dimensions do not fit any category: length=0, width=0, height=0, weight=0. Returning 'Unknown'.
2026-05-07 11:42:51,593 - Code.Dynamic_War_Manager.Source.Context.Context - WARNING - get_dimension - Asset dimensions do not fit any category: length=10, width=3, height=3, weight=50. Returning 'Unknown'.
2026-05-07 11:42:51,594 - Code.Dynamic_War_Manager.Source.Context.Context - WARNING - get_dimension - Asset dimensions do not fit any category: length=5, width=2, height=2, weight=0. Returning 'Unknown'.
2026-05-07 11:42:51,594 - Code.Dynamic_War_Manager.Source.Context.Context - WARNING - get_dimension - Asset dimensions do not fit any category: length=0.5, width=0.5, height=0.5, weight=0.5. Returning 'Unknown'.
2026-05-07 11:44:42,688 - Code.Dynamic_War_Manager.Source.Context.Context - ERROR - get_dimension - Invalid asset type: Missile. Expected 'Vehicle' or 'Ship'. Exit.
2026-05-07 11:44:42,689 - Code.Dynamic_War_Manager.Source.Context.Context - ERROR - get_dimension - Invalid dimensions: length=5, width=2, height=-1, weight=10. All values must be non-negative. Exit.
2026-05-07 11:44:42,689 - Code.Dynamic_War_Manager.Source.Context.Context - ERROR - get_dimension - Invalid dimensions: length=-1, width=2, height=2, weight=10. All values must be non-negative. Exit.
2026-05-07 11:44:42,689 - Code.Dynamic_War_Manager.Source.Context.Context - ERROR - get_dimension - Invalid dimensions: length=5, width=2, height=2, weight=-1. All values must be non-negative. Exit.
2026-05-07 11:44:42,689 - Code.Dynamic_War_Manager.Source.Context.Context - ERROR - get_dimension - Invalid dimensions: length=5, width=-1, height=2, weight=10. All values must be non-negative. Exit.
2026-05-07 11:44:42,689 - Code.Dynamic_War_Manager.Source.Context.Context - ERROR - get_dimension - Invalid class_size_structure: NonExistentStructure. Expected one of: ['Bridge', 'Hangar', 'Depot', 'Oil_Tank', 'Farm', 'Power_Plant', 'Station', 'Building', 'Factory', 'Barrack']. Exit.
2026-05-07 11:44:42,689 - Code.Dynamic_War_Manager.Source.Context.Context - ERROR - get_dimension - class_size_structure parameter is required for asset_type 'Structure'. Exit.
2026-05-07 11:44:42,690 - Code.Dynamic_War_Manager.Source.Context.Context - WARNING - get_dimension - Asset dimensions do not fit any category: length=0, width=0, height=0, weight=0. Returning 'Unknown'.
2026-05-07 11:44:42,690 - Code.Dynamic_War_Manager.Source.Context.Context - WARNING - get_dimension - Asset dimensions do not fit any category: length=10, width=3, height=3, weight=50. Returning 'Unknown'.
2026-05-07 11:44:42,690 - Code.Dynamic_War_Manager.Source.Context.Context - WARNING - get_dimension - Asset dimensions do not fit any category: length=5, width=2, height=2, weight=0. Returning 'Unknown'.
2026-05-07 11:44:42,692 - Code.Dynamic_War_Manager.Source.Context.Context - WARNING - get_dimension - Asset dimensions do not fit any category: length=0.5, width=0.5, height=0.5, weight=0.5. Returning 'Unknown'.
2026-05-07 11:44:59,726 - Code.Dynamic_War_Manager.Source.Context.Context - ERROR - get_dimension - Invalid asset type: Missile. Expected 'Vehicle' or 'Ship'. Exit.
2026-05-07 11:44:59,726 - Code.Dynamic_War_Manager.Source.Context.Context - ERROR - get_dimension - Invalid dimensions: length=5, width=2, height=-1, weight=10. All values must be non-negative. Exit.
2026-05-07 11:44:59,726 - Code.Dynamic_War_Manager.Source.Context.Context - ERROR - get_dimension - Invalid dimensions: length=-1, width=2, height=2, weight=10. All values must be non-negative. Exit.
2026-05-07 11:44:59,726 - Code.Dynamic_War_Manager.Source.Context.Context - ERROR - get_dimension - Invalid dimensions: length=5, width=2, height=2, weight=-1. All values must be non-negative. Exit.
2026-05-07 11:44:59,727 - Code.Dynamic_War_Manager.Source.Context.Context - ERROR - get_dimension - Invalid dimensions: length=5, width=-1, height=2, weight=10. All values must be non-negative. Exit.
2026-05-07 11:44:59,727 - Code.Dynamic_War_Manager.Source.Context.Context - ERROR - get_dimension - Invalid class_size_structure: NonExistentStructure. Expected one of: ['Bridge', 'Hangar', 'Depot', 'Oil_Tank', 'Farm', 'Power_Plant', 'Station', 'Building', 'Factory', 'Barrack']. Exit.
2026-05-07 11:44:59,727 - Code.Dynamic_War_Manager.Source.Context.Context - ERROR - get_dimension - class_size_structure parameter is required for asset_type 'Structure'. Exit.
2026-05-07 11:44:59,727 - Code.Dynamic_War_Manager.Source.Context.Context - WARNING - get_dimension - Asset dimensions do not fit any category: length=0, width=0, height=0, weight=0. Returning 'Unknown'.
2026-05-07 11:44:59,727 - Code.Dynamic_War_Manager.Source.Context.Context - WARNING - get_dimension - Asset dimensions do not fit any category: length=10, width=3, height=3, weight=50. Returning 'Unknown'.
2026-05-07 11:44:59,728 - Code.Dynamic_War_Manager.Source.Context.Context - WARNING - get_dimension - Asset dimensions do not fit any category: length=5, width=2, height=2, weight=0. Returning 'Unknown'.
2026-05-07 11:44:59,728 - Code.Dynamic_War_Manager.Source.Context.Context - WARNING - get_dimension - Asset dimensions do not fit any category: length=0.5, width=0.5, height=0.5, weight=0.5. Returning 'Unknown'.
2026-05-07 11:45:42,255 - Code.Dynamic_War_Manager.Source.Context.Context - ERROR - get_dimension - Invalid asset type: Missile. Expected 'Vehicle' or 'Ship'. Exit.
2026-05-07 11:45:42,255 - Code.Dynamic_War_Manager.Source.Context.Context - ERROR - get_dimension - Invalid dimensions: length=5, width=2, height=-1, weight=10. All values must be non-negative. Exit.
2026-05-07 11:45:42,256 - Code.Dynamic_War_Manager.Source.Context.Context - ERROR - get_dimension - Invalid dimensions: length=-1, width=2, height=2, weight=10. All values must be non-negative. Exit.
2026-05-07 11:45:42,256 - Code.Dynamic_War_Manager.Source.Context.Context - ERROR - get_dimension - Invalid dimensions: length=5, width=2, height=2, weight=-1. All values must be non-negative. Exit.
2026-05-07 11:45:42,256 - Code.Dynamic_War_Manager.Source.Context.Context - ERROR - get_dimension - Invalid dimensions: length=5, width=-1, height=2, weight=10. All values must be non-negative. Exit.
2026-05-07 11:45:42,256 - Code.Dynamic_War_Manager.Source.Context.Context - ERROR - get_dimension - Invalid class_size_structure: NonExistentStructure. Expected one of: ['Bridge', 'Hangar', 'Depot', 'Oil_Tank', 'Farm', 'Power_Plant', 'Station', 'Building', 'Factory', 'Barrack']. Exit.
2026-05-07 11:45:42,256 - Code.Dynamic_War_Manager.Source.Context.Context - ERROR - get_dimension - class_size_structure parameter is required for asset_type 'Structure'. Exit.
2026-05-07 11:45:42,257 - Code.Dynamic_War_Manager.Source.Context.Context - WARNING - get_dimension - Asset dimensions do not fit any category: length=0, width=0, height=0, weight=0. Returning 'Unknown'.
2026-05-07 11:45:42,257 - Code.Dynamic_War_Manager.Source.Context.Context - WARNING - get_dimension - Asset dimensions do not fit any category: length=10, width=3, height=3, weight=50. Returning 'Unknown'.
2026-05-07 11:45:42,258 - Code.Dynamic_War_Manager.Source.Context.Context - WARNING - get_dimension - Asset dimensions do not fit any category: length=5, width=2, height=2, weight=0. Returning 'Unknown'.
2026-05-07 11:45:42,258 - Code.Dynamic_War_Manager.Source.Context.Context - WARNING - get_dimension - Asset dimensions do not fit any category: length=0.5, width=0.5, height=0.5, weight=0.5. Returning 'Unknown'.
2026-05-07 11:57:50,853 - Code.Dynamic_War_Manager.Source.Context.Context - ERROR - get_dimension - Invalid asset type: Missile. Expected 'Vehicle' or 'Ship'. Exit.
2026-05-07 11:57:50,853 - Code.Dynamic_War_Manager.Source.Context.Context - ERROR - get_dimension - Invalid dimensions: length=5, width=2, height=-1, weight=10. All values must be non-negative. Exit.
2026-05-07 11:57:50,853 - Code.Dynamic_War_Manager.Source.Context.Context - ERROR - get_dimension - Invalid dimensions: length=-1, width=2, height=2, weight=10. All values must be non-negative. Exit.
2026-05-07 11:57:50,854 - Code.Dynamic_War_Manager.Source.Context.Context - ERROR - get_dimension - Invalid dimensions: length=5, width=2, height=2, weight=-1. All values must be non-negative. Exit.
2026-05-07 11:57:50,854 - Code.Dynamic_War_Manager.Source.Context.Context - ERROR - get_dimension - Invalid dimensions: length=5, width=-1, height=2, weight=10. All values must be non-negative. Exit.
2026-05-07 11:57:50,854 - Code.Dynamic_War_Manager.Source.Context.Context - ERROR - get_dimension - Invalid class_size_structure: NonExistentStructure. Expected one of: ['Bridge', 'Hangar', 'Depot', 'Oil_Tank', 'Farm', 'Power_Plant', 'Station', 'Building', 'Factory', 'Barrack']. Exit.
2026-05-07 11:57:50,854 - Code.Dynamic_War_Manager.Source.Context.Context - ERROR - get_dimension - class_size_structure parameter is required for asset_type 'Structure'. Exit.
2026-05-07 11:57:50,854 - Code.Dynamic_War_Manager.Source.Context.Context - WARNING - get_dimension - Asset dimensions do not fit any category: length=0, width=0, height=0, weight=0. Returning 'Unknown'.
2026-05-07 11:57:50,855 - Code.Dynamic_War_Manager.Source.Context.Context - WARNING - get_dimension - Asset dimensions do not fit any category: length=10, width=3, height=3, weight=50. Returning 'Unknown'.
2026-05-07 11:57:50,855 - Code.Dynamic_War_Manager.Source.Context.Context - WARNING - get_dimension - Asset dimensions do not fit any category: length=5, width=2, height=2, weight=0. Returning 'Unknown'.
2026-05-07 11:57:50,855 - Code.Dynamic_War_Manager.Source.Context.Context - WARNING - get_dimension - Asset dimensions do not fit any category: length=0.5, width=0.5, height=0.5, weight=0.5. Returning 'Unknown'.
2026-08-16 17:52:09,580 - Code.Dynamic_War_Manager.Source.Context.Context - ERROR - get_dimension - Invalid asset type: Missile. Expected 'Vehicle' or 'Ship'. Exit.
2026-08-16 17:52:09,584 - Code.Dynamic_War_Manager.Source.Context.Context - ERROR - get_dimension - Invalid dimensions: length=5, width=2, height=-1, weight=10. All values must be non-negative. Exit.
2026-08-16 17:52:09,584 - Code.Dynamic_War_Manager.Source.Context.Context - ERROR - get_dimension - Invalid dimensions: length=-1, width=2, height=2, weight=10. All values must be non-negative. Exit.
2026-08-16 17:52:09,585 - Code.Dynamic_War_Manager.Source.Context.Context - ERROR - get_dimension - Invalid dimensions: length=5, width=2, height=2, weight=-1. All values must be non-negative. Exit.
2026-08-16 17:52:09,585 - Code.Dynamic_War_Manager.Source.Context.Context - ERROR - get_dimension - Invalid dimensions: length=5, width=-1, height=2, weight=10. All values must be non-negative. Exit.
2026-08-16 17:52:09,585 - Code.Dynamic_War_Manager.Source.Context.Context - ERROR - get_dimension - Invalid class_size_structure: NonExistentStructure. Expected one of: ['Bridge', 'Hangar', 'Depot', 'Oil_Tank', 'Farm', 'Power_Plant', 'Station', 'Building', 'Factory', 'Barrack']. Exit.
2026-08-16 17:52:09,585 - Code.Dynamic_War_Manager.Source.Context.Context - ERROR - get_dimension - class_size_structure parameter is required for asset_type 'Structure'. Exit.
2026-08-16 17:52:09,585 - Code.Dynamic_War_Manager.Source.Context.Context - WARNING - get_dimension - Asset dimensions do not fit any category: length=0, width=0, height=0, weight=0. Returning 'Unknown'.
2026-08-16 17:52:09,585 - Code.Dynamic_War_Manager.Source.Context.Context - WARNING - get_dimension - Asset dimensions do not fit any category: length=10, width=3, height=3, weight=50. Returning 'Unknown'.
2026-08-16 17:52:09,586 - Code.Dynamic_War_Manager.Source.Context.Context - WARNING - get_dimension - Asset dimensions do not fit any category: length=5, width=2, height=2, weight=0. Returning 'Unknown'.
2026-08-16 17:52:09,586 - Code.Dynamic_War_Manager.Source.Context.Context - WARNING - get_dimension - Asset dimensions do not fit any category: length=0.5, width=0.5, height=0.5, weight=0.5. Returning 'Unknown'.
2026-08-16 17:53:46,847 - Code.Dynamic_War_Manager.Source.Context.Context - ERROR - get_dimension - Invalid asset type: Missile. Expected 'Vehicle' or 'Ship'. Exit.
2026-08-16 17:53:46,848 - Code.Dynamic_War_Manager.Source.Context.Context - ERROR - get_dimension - Invalid dimensions: length=5, width=2, height=-1, weight=10. All values must be non-negative. Exit.
2026-08-16 17:53:46,848 - Code.Dynamic_War_Manager.Source.Context.Context - ERROR - get_dimension - Invalid dimensions: length=-1, width=2, height=2, weight=10. All values must be non-negative. Exit.
2026-08-16 17:53:46,848 - Code.Dynamic_War_Manager.Source.Context.Context - ERROR - get_dimension - Invalid dimensions: length=5, width=2, height=2, weight=-1. All values must be non-negative. Exit.
2026-08-16 17:53:46,848 - Code.Dynamic_War_Manager.Source.Context.Context - ERROR - get_dimension - Invalid dimensions: length=5, width=-1, height=2, weight=10. All values must be non-negative. Exit.
2026-08-16 17:53:46,848 - Code.Dynamic_War_Manager.Source.Context.Context - ERROR - get_dimension - Invalid class_size_structure: NonExistentStructure. Expected one of: ['Bridge', 'Hangar', 'Depot', 'Oil_Tank', 'Farm', 'Power_Plant', 'Station', 'Building', 'Factory', 'Barrack']. Exit.
2026-08-16 17:53:46,848 - Code.Dynamic_War_Manager.Source.Context.Context - ERROR - get_dimension - class_size_structure parameter is required for asset_type 'Structure'. Exit.
2026-08-16 17:53:46,848 - Code.Dynamic_War_Manager.Source.Context.Context - WARNING - get_dimension - Asset dimensions do not fit any category: length=0, width=0, height=0, weight=0. Returning 'Unknown'.
2026-08-16 17:53:46,848 - Code.Dynamic_War_Manager.Source.Context.Context - WARNING - get_dimension - Asset dimensions do not fit any category: length=10, width=3, height=3, weight=50. Returning 'Unknown'.
2026-08-16 17:53:46,848 - Code.Dynamic_War_Manager.Source.Context.Context - WARNING - get_dimension - Asset dimensions do not fit any category: length=5, width=2, height=2, weight=0. Returning 'Unknown'.
2026-08-16 17:53:46,849 - Code.Dynamic_War_Manager.Source.Context.Context - WARNING - get_dimension - Asset dimensions do not fit any category: length=0.5, width=0.5, height=0.5, weight=0.5. Returning 'Unknown'.
2026-08-16 18:12:59,554 - Code.Dynamic_War_Manager.Source.Context.Context - ERROR - get_dimension - Invalid asset type: Missile. Expected 'Vehicle' or 'Ship'. Exit.
2026-08-16 18:12:59,554 - Code.Dynamic_War_Manager.Source.Context.Context - ERROR - get_dimension - Invalid dimensions: length=5, width=2, height=-1, weight=10. All values must be non-negative. Exit.
2026-08-16 18:12:59,555 - Code.Dynamic_War_Manager.Source.Context.Context - ERROR - get_dimension - Invalid dimensions: length=-1, width=2, height=2, weight=10. All values must be non-negative. Exit.
2026-08-16 18:12:59,555 - Code.Dynamic_War_Manager.Source.Context.Context - ERROR - get_dimension - Invalid dimensions: length=5, width=2, height=2, weight=-1. All values must be non-negative. Exit.
2026-08-16 18:12:59,555 - Code.Dynamic_War_Manager.Source.Context.Context - ERROR - get_dimension - Invalid dimensions: length=5, width=-1, height=2, weight=10. All values must be non-negative. Exit.
2026-08-16 18:12:59,555 - Code.Dynamic_War_Manager.Source.Context.Context - ERROR - get_dimension - Invalid class_size_structure: NonExistentStructure. Expected one of: ['Bridge', 'Hangar', 'Depot', 'Oil_Tank', 'Farm', 'Power_Plant', 'Station', 'Building', 'Factory', 'Barrack']. Exit.
2026-08-16 18:12:59,555 - Code.Dynamic_War_Manager.Source.Context.Context - ERROR - get_dimension - class_size_structure parameter is required for asset_type 'Structure'. Exit.
2026-08-16 18:12:59,555 - Code.Dynamic_War_Manager.Source.Context.Context - WARNING - get_dimension - Asset dimensions do not fit any category: length=0, width=0, height=0, weight=0. Returning 'Unknown'.
2026-08-16 18:12:59,556 - Code.Dynamic_War_Manager.Source.Context.Context - WARNING - get_dimension - Asset dimensions do not fit any category: length=10, width=3, height=3, weight=50. Returning 'Unknown'.
2026-08-16 18:12:59,556 - Code.Dynamic_War_Manager.Source.Context.Context - WARNING - get_dimension - Asset dimensions do not fit any category: length=5, width=2, height=2, weight=0. Returning 'Unknown'.
2026-08-16 18:12:59,557 - Code.Dynamic_War_Manager.Source.Context.Context - WARNING - get_dimension - Asset dimensions do not fit any category: length=0.5, width=0.5, height=0.5, weight=0.5. Returning 'Unknown'.
2026-08-17 09:48:58,644 - Code.Dynamic_War_Manager.Source.Context.Context - ERROR - get_dimension - Invalid asset type: Missile. Expected 'Vehicle' or 'Ship'. Exit.
2026-08-17 09:48:58,644 - Code.Dynamic_War_Manager.Source.Context.Context - ERROR - get_dimension - Invalid dimensions: length=5, width=2, height=-1, weight=10. All values must be non-negative. Exit.
2026-08-17 09:48:58,644 - Code.Dynamic_War_Manager.Source.Context.Context - ERROR - get_dimension - Invalid dimensions: length=-1, width=2, height=2, weight=10. All values must be non-negative. Exit.
2026-08-17 09:48:58,645 - Code.Dynamic_War_Manager.Source.Context.Context - ERROR - get_dimension - Invalid dimensions: length=5, width=2, height=2, weight=-1. All values must be non-negative. Exit.
2026-08-17 09:48:58,645 - Code.Dynamic_War_Manager.Source.Context.Context - ERROR - get_dimension - Invalid dimensions: length=5, width=-1, height=2, weight=10. All values must be non-negative. Exit.
2026-08-17 09:48:58,645 - Code.Dynamic_War_Manager.Source.Context.Context - ERROR - get_dimension - Invalid class_size_structure: NonExistentStructure. Expected one of: ['Bridge', 'Hangar', 'Depot', 'Oil_Tank', 'Farm', 'Power_Plant', 'Station', 'Building', 'Factory', 'Barrack']. Exit.
2026-08-17 09:48:58,645 - Code.Dynamic_War_Manager.Source.Context.Context - ERROR - get_dimension - class_size_structure parameter is required for asset_type 'Structure'. Exit.
2026-08-17 09:48:58,645 - Code.Dynamic_War_Manager.Source.Context.Context - WARNING - get_dimension - Asset dimensions do not fit any category: length=0, width=0, height=0, weight=0. Returning 'Unknown'.
2026-08-17 09:48:58,645 - Code.Dynamic_War_Manager.Source.Context.Context - WARNING - get_dimension - Asset dimensions do not fit any category: length=10, width=3, height=3, weight=50. Returning 'Unknown'.
2026-08-17 09:48:58,646 - Code.Dynamic_War_Manager.Source.Context.Context - WARNING - get_dimension - Asset dimensions do not fit any category: length=5, width=2, height=2, weight=0. Returning 'Unknown'.
2026-08-17 09:48:58,646 - Code.Dynamic_War_Manager.Source.Context.Context - WARNING - get_dimension - Asset dimensions do not fit any category: length=0.5, width=0.5, height=0.5, weight=0.5. Returning 'Unknown'.
2026-08-17 09:50:40,971 - Code.Dynamic_War_Manager.Source.Context.Context - ERROR - get_dimension - Invalid asset type: Missile. Expected 'Vehicle' or 'Ship'. Exit.
2026-08-17 09:50:40,972 - Code.Dynamic_War_Manager.Source.Context.Context - ERROR - get_dimension - Invalid dimensions: length=5, width=2, height=-1, weight=10. All values must be non-negative. Exit.
2026-08-17 09:50:40,972 - Code.Dynamic_War_Manager.Source.Context.Context - ERROR - get_dimension - Invalid dimensions: length=-1, width=2, height=2, weight=10. All values must be non-negative. Exit.
2026-08-17 09:50:40,972 - Code.Dynamic_War_Manager.Source.Context.Context - ERROR - get_dimension - Invalid dimensions: length=5, width=2, height=2, weight=-1. All values must be non-negative. Exit.
2026-08-17 09:50:40,972 - Code.Dynamic_War_Manager.Source.Context.Context - ERROR - get_dimension - Invalid dimensions: length=5, width=-1, height=2, weight=10. All values must be non-negative. Exit.
2026-08-17 09:50:40,972 - Code.Dynamic_War_Manager.Source.Context.Context - ERROR - get_dimension - Invalid class_size_structure: NonExistentStructure. Expected one of: ['Bridge', 'Hangar', 'Depot', 'Oil_Tank', 'Farm', 'Power_Plant', 'Station', 'Building', 'Factory', 'Barrack']. Exit.
2026-08-17 09:50:40,972 - Code.Dynamic_War_Manager.Source.Context.Context - ERROR - get_dimension - class_size_structure parameter is required for asset_type 'Structure'. Exit.
2026-08-17 09:50:40,972 - Code.Dynamic_War_Manager.Source.Context.Context - WARNING - get_dimension - Asset dimensions do not fit any category: length=0, width=0, height=0, weight=0. Returning 'Unknown'.
2026-08-17 09:50:40,972 - Code.Dynamic_War_Manager.Source.Context.Context - WARNING - get_dimension - Asset dimensions do not fit any category: length=10, width=3, height=3, weight=50. Returning 'Unknown'.
2026-08-17 09:50:40,973 - Code.Dynamic_War_Manager.Source.Context.Context - WARNING - get_dimension - Asset dimensions do not fit any category: length=5, width=2, height=2, weight=0. Returning 'Unknown'.
2026-08-17 09:50:40,973 - Code.Dynamic_War_Manager.Source.Context.Context - WARNING - get_dimension - Asset dimensions do not fit any category: length=0.5, width=0.5, height=0.5, weight=0.5. Returning 'Unknown'.
2026-08-17 10:52:47,007 - Code.Dynamic_War_Manager.Source.Context.Context - ERROR - get_dimension - Invalid asset type: Missile. Expected 'Vehicle' or 'Ship'. Exit.
2026-08-17 10:52:47,009 - Code.Dynamic_War_Manager.Source.Context.Context - ERROR - get_dimension - Invalid dimensions: length=5, width=2, height=-1, weight=10. All values must be non-negative. Exit.
2026-08-17 10:52:47,009 - Code.Dynamic_War_Manager.Source.Context.Context - ERROR - get_dimension - Invalid dimensions: length=-1, width=2, height=2, weight=10. All values must be non-negative. Exit.
2026-08-17 10:52:47,009 - Code.Dynamic_War_Manager.Source.Context.Context - ERROR - get_dimension - Invalid dimensions: length=5, width=2, height=2, weight=-1. All values must be non-negative. Exit.
2026-08-17 10:52:47,009 - Code.Dynamic_War_Manager.Source.Context.Context - ERROR - get_dimension - Invalid dimensions: length=5, width=-1, height=2, weight=10. All values must be non-negative. Exit.
2026-08-17 10:52:47,009 - Code.Dynamic_War_Manager.Source.Context.Context - ERROR - get_dimension - Invalid class_size_structure: NonExistentStructure. Expected one of: ['Bridge', 'Hangar', 'Depot', 'Oil_Tank', 'Farm', 'Power_Plant', 'Station', 'Building', 'Factory', 'Barrack']. Exit.
2026-08-17 10:52:47,009 - Code.Dynamic_War_Manager.Source.Context.Context - ERROR - get_dimension - class_size_structure parameter is required for asset_type 'Structure'. Exit.
2026-08-17 10:52:47,009 - Code.Dynamic_War_Manager.Source.Context.Context - WARNING - get_dimension - Asset dimensions do not fit any category: length=0, width=0, height=0, weight=0. Returning 'Unknown'.
2026-08-17 10:52:47,010 - Code.Dynamic_War_Manager.Source.Context.Context - WARNING - get_dimension - Asset dimensions do not fit any category: length=10, width=3, height=3, weight=50. Returning 'Unknown'.
2026-08-17 10:52:47,010 - Code.Dynamic_War_Manager.Source.Context.Context - WARNING - get_dimension - Asset dimensions do not fit any category: length=5, width=2, height=2, weight=0. Returning 'Unknown'.
2026-08-17 10:52:47,010 - Code.Dynamic_War_Manager.Source.Context.Context - WARNING - get_dimension - Asset dimensions do not fit any category: length=0.5, width=0.5, height=0.5, weight=0.5. Returning 'Unknown'.
2026-08-17 10:58:16,715 - Code.Dynamic_War_Manager.Source.Context.Context - ERROR - get_dimension - Invalid asset type: Missile. Expected 'Vehicle' or 'Ship'. Exit.
2026-08-17 10:58:16,715 - Code.Dynamic_War_Manager.Source.Context.Context - ERROR - get_dimension - Invalid dimensions: length=5, width=2, height=-1, weight=10. All values must be non-negative. Exit.
2026-08-17 10:58:16,715 - Code.Dynamic_War_Manager.Source.Context.Context - ERROR - get_dimension - Invalid dimensions: length=-1, width=2, height=2, weight=10. All values must be non-negative. Exit.
2026-08-17 10:58:16,715 - Code.Dynamic_War_Manager.Source.Context.Context - ERROR - get_dimension - Invalid dimensions: length=5, width=2, height=2, weight=-1. All values must be non-negative. Exit.
2026-08-17 10:58:16,715 - Code.Dynamic_War_Manager.Source.Context.Context - ERROR - get_dimension - Invalid dimensions: length=5, width=-1, height=2, weight=10. All values must be non-negative. Exit.
2026-08-17 10:58:16,715 - Code.Dynamic_War_Manager.Source.Context.Context - ERROR - get_dimension - Invalid class_size_structure: NonExistentStructure. Expected one of: ['Bridge', 'Hangar', 'Depot', 'Oil_Tank', 'Farm', 'Power_Plant', 'Station', 'Building', 'Factory', 'Barrack']. Exit.
2026-08-17 10:58:16,715 - Code.Dynamic_War_Manager.Source.Context.Context - ERROR - get_dimension - class_size_structure parameter is required for asset_type 'Structure'. Exit.
2026-08-17 10:58:16,715 - Code.Dynamic_War_Manager.Source.Context.Context - WARNING - get_dimension - Asset dimensions do not fit any category: length=0, width=0, height=0, weight=0. Returning 'Unknown'.
2026-08-17 10:58:16,715 - Code.Dynamic_War_Manager.Source.Context.Context - WARNING - get_dimension - Asset dimensions do not fit any category: length=10, width=3, height=3, weight=50. Returning 'Unknown'.
2026-08-17 10:58:16,715 - Code.Dynamic_War_Manager.Source.Context.Context - WARNING - get_dimension - Asset dimensions do not fit any category: length=5, width=2, height=2, weight=0. Returning 'Unknown'.
2026-08-17 10:58:16,716 - Code.Dynamic_War_Manager.Source.Context.Context - WARNING - get_dimension - Asset dimensions do not fit any category: length=0.5, width=0.5, height=0.5, weight=0.5. Returning 'Unknown'.
2026-08-17 11:05:21,261 - Code.Dynamic_War_Manager.Source.Context.Context - ERROR - get_dimension - Invalid asset type: Missile. Expected 'Vehicle' or 'Ship'. Exit.
2026-08-17 11:05:21,261 - Code.Dynamic_War_Manager.Source.Context.Context - ERROR - get_dimension - Invalid dimensions: length=5, width=2, height=-1, weight=10. All values must be non-negative. Exit.
2026-08-17 11:05:21,261 - Code.Dynamic_War_Manager.Source.Context.Context - ERROR - get_dimension - Invalid dimensions: length=-1, width=2, height=2, weight=10. All values must be non-negative. Exit.
2026-08-17 11:05:21,261 - Code.Dynamic_War_Manager.Source.Context.Context - ERROR - get_dimension - Invalid dimensions: length=5, width=2, height=2, weight=-1. All values must be non-negative. Exit.
2026-08-17 11:05:21,261 - Code.Dynamic_War_Manager.Source.Context.Context - ERROR - get_dimension - Invalid dimensions: length=5, width=-1, height=2, weight=10. All values must be non-negative. Exit.
2026-08-17 11:05:21,261 - Code.Dynamic_War_Manager.Source.Context.Context - ERROR - get_dimension - Invalid class_size_structure: NonExistentStructure. Expected one of: ['Bridge', 'Hangar', 'Depot', 'Oil_Tank', 'Farm', 'Power_Plant', 'Station', 'Building', 'Factory', 'Barrack']. Exit.
2026-08-17 11:05:21,261 - Code.Dynamic_War_Manager.Source.Context.Context - ERROR - get_dimension - class_size_structure parameter is required for asset_type 'Structure'. Exit.
2026-08-17 11:05:21,261 - Code.Dynamic_War_Manager.Source.Context.Context - WARNING - get_dimension - Asset dimensions do not fit any category: length=0, width=0, height=0, weight=0. Returning 'Unknown'.
2026-08-17 11:05:21,261 - Code.Dynamic_War_Manager.Source.Context.Context - WARNING - get_dimension - Asset dimensions do not fit any category: length=10, width=3, height=3, weight=50. Returning 'Unknown'.
2026-08-17 11:05:21,261 - Code.Dynamic_War_Manager.Source.Context.Context - WARNING - get_dimension - Asset dimensions do not fit any category: length=5, width=2, height=2, weight=0. Returning 'Unknown'.
2026-08-17 11:05:21,261 - Code.Dynamic_War_Manager.Source.Context.Context - WARNING - get_dimension - Asset dimensions do not fit any category: length=0.5, width=0.5, height=0.5, weight=0.5. Returning 'Unknown'.
2026-08-17 11:10:42,661 - Code.Dynamic_War_Manager.Source.Context.Context - ERROR - get_dimension - Invalid asset type: Missile. Expected 'Vehicle' or 'Ship'. Exit.
2026-08-17 11:10:42,661 - Code.Dynamic_War_Manager.Source.Context.Context - ERROR - get_dimension - Invalid dimensions: length=5, width=2, height=-1, weight=10. All values must be non-negative. Exit.
2026-08-17 11:10:42,661 - Code.Dynamic_War_Manager.Source.Context.Context - ERROR - get_dimension - Invalid dimensions: length=-1, width=2, height=2, weight=10. All values must be non-negative. Exit.
2026-08-17 11:10:42,661 - Code.Dynamic_War_Manager.Source.Context.Context - ERROR - get_dimension - Invalid dimensions: length=5, width=2, height=2, weight=-1. All values must be non-negative. Exit.
2026-08-17 11:10:42,661 - Code.Dynamic_War_Manager.Source.Context.Context - ERROR - get_dimension - Invalid dimensions: length=5, width=-1, height=2, weight=10. All values must be non-negative. Exit.
2026-08-17 11:10:42,661 - Code.Dynamic_War_Manager.Source.Context.Context - ERROR - get_dimension - Invalid class_size_structure: NonExistentStructure. Expected one of: ['Bridge', 'Hangar', 'Depot', 'Oil_Tank', 'Farm', 'Power_Plant', 'Station', 'Building', 'Factory', 'Barrack']. Exit.
2026-08-17 11:10:42,661 - Code.Dynamic_War_Manager.Source.Context.Context - ERROR - get_dimension - class_size_structure parameter is required for asset_type 'Structure'. Exit.
2026-08-17 11:10:42,661 - Code.Dynamic_War_Manager.Source.Context.Context - WARNING - get_dimension - Asset dimensions do not fit any category: length=0, width=0, height=0, weight=0. Returning 'Unknown'.
2026-08-17 11:10:42,662 - Code.Dynamic_War_Manager.Source.Context.Context - WARNING - get_dimension - Asset dimensions do not fit any category: length=10, width=3, height=3, weight=50. Returning 'Unknown'.
2026-08-17 11:10:42,662 - Code.Dynamic_War_Manager.Source.Context.Context - WARNING - get_dimension - Asset dimensions do not fit any category: length=5, width=2, height=2, weight=0. Returning 'Unknown'.
2026-08-17 11:10:42,662 - Code.Dynamic_War_Manager.Source.Context.Context - WARNING - get_dimension - Asset dimensions do not fit any category: length=0.5, width=0.5, height=0.5, weight=0.5. Returning 'Unknown'.
2026-08-21 10:42:03,845 - Code.Dynamic_War_Manager.Source.Context.Context - ERROR - get_dimension - Invalid asset type: Missile. Expected 'Vehicle' or 'Ship'. Exit.
2026-08-21 10:42:03,846 - Code.Dynamic_War_Manager.Source.Context.Context - ERROR - get_dimension - Invalid dimensions: length=5, width=2, height=-1, weight=10. All values must be non-negative. Exit.
2026-08-21 10:42:03,846 - Code.Dynamic_War_Manager.Source.Context.Context - ERROR - get_dimension - Invalid dimensions: length=-1, width=2, height=2, weight=10. All values must be non-negative. Exit.
2026-08-21 10:42:03,847 - Code.Dynamic_War_Manager.Source.Context.Context - ERROR - get_dimension - Invalid dimensions: length=5, width=2, height=2, weight=-1. All values must be non-negative. Exit.
2026-08-21 10:42:03,847 - Code.Dynamic_War_Manager.Source.Context.Context - ERROR - get_dimension - Invalid dimensions: length=5, width=-1, height=2, weight=10. All values must be non-negative. Exit.
2026-08-21 10:42:03,847 - Code.Dynamic_War_Manager.Source.Context.Context - ERROR - get_dimension - Invalid class_size_structure: NonExistentStructure. Expected one of: ['Bridge', 'Hangar', 'Depot', 'Oil_Tank', 'Farm', 'Power_Plant', 'Station', 'Building', 'Factory', 'Barrack']. Exit.
2026-08-21 10:42:03,847 - Code.Dynamic_War_Manager.Source.Context.Context - ERROR - get_dimension - class_size_structure parameter is required for asset_type 'Structure'. Exit.
2026-08-21 10:42:03,847 - Code.Dynamic_War_Manager.Source.Context.Context - WARNING - get_dimension - Asset dimensions do not fit any category: length=0, width=0, height=0, weight=0. Returning 'Unknown'.
2026-08-21 10:42:03,848 - Code.Dynamic_War_Manager.Source.Context.Context - WARNING - get_dimension - Asset dimensions do not fit any category: length=10, width=3, height=3, weight=50. Returning 'Unknown'.
2026-08-21 10:42:03,849 - Code.Dynamic_War_Manager.Source.Context.Context - WARNING - get_dimension - Asset dimensions do not fit any category: length=5, width=2, height=2, weight=0. Returning 'Unknown'.
2026-08-21 10:42:03,849 - Code.Dynamic_War_Manager.Source.Context.Context - WARNING - get_dimension - Asset dimensions do not fit any category: length=0.5, width=0.5, height=0.5, weight=0.5. Returning 'Unknown'.
2026-08-21 11:53:02,451 - Code.Dynamic_War_Manager.Source.Context.Context - ERROR - get_dimension - Invalid asset type: Missile. Expected 'Vehicle' or 'Ship'. Exit.
2026-08-21 11:53:02,452 - Code.Dynamic_War_Manager.Source.Context.Context - ERROR - get_dimension - Invalid dimensions: length=5, width=2, height=-1, weight=10. All values must be non-negative. Exit.
2026-08-21 11:53:02,452 - Code.Dynamic_War_Manager.Source.Context.Context - ERROR - get_dimension - Invalid dimensions: length=-1, width=2, height=2, weight=10. All values must be non-negative. Exit.
2026-08-21 11:53:02,452 - Code.Dynamic_War_Manager.Source.Context.Context - ERROR - get_dimension - Invalid dimensions: length=5, width=2, height=2, weight=-1. All values must be non-negative. Exit.
2026-08-21 11:53:02,453 - Code.Dynamic_War_Manager.Source.Context.Context - ERROR - get_dimension - Invalid dimensions: length=5, width=-1, height=2, weight=10. All values must be non-negative. Exit.
2026-08-21 11:53:02,453 - Code.Dynamic_War_Manager.Source.Context.Context - ERROR - get_dimension - Invalid class_size_structure: NonExistentStructure. Expected one of: ['Bridge', 'Hangar', 'Depot', 'Oil_Tank', 'Farm', 'Power_Plant', 'Station', 'Building', 'Factory', 'Barrack']. Exit.
2026-08-21 11:53:02,453 - Code.Dynamic_War_Manager.Source.Context.Context - ERROR - get_dimension - class_size_structure parameter is required for asset_type 'Structure'. Exit.
2026-08-21 11:53:02,453 - Code.Dynamic_War_Manager.Source.Context.Context - WARNING - get_dimension - Asset dimensions do not fit any category: length=0, width=0, height=0, weight=0. Returning 'Unknown'.
2026-08-21 11:53:02,453 - Code.Dynamic_War_Manager.Source.Context.Context - WARNING - get_dimension - Asset dimensions do not fit any category: length=10, width=3, height=3, weight=50. Returning 'Unknown'.
2026-08-21 11:53:02,454 - Code.Dynamic_War_Manager.Source.Context.Context - WARNING - get_dimension - Asset dimensions do not fit any category: length=5, width=2, height=2, weight=0. Returning 'Unknown'.
2026-08-21 11:53:02,454 - Code.Dynamic_War_Manager.Source.Context.Context - WARNING - get_dimension - Asset dimensions do not fit any category: length=0.5, width=0.5, height=0.5, weight=0.5. Returning 'Unknown'.
2026-08-21 14:29:47,086 - Code.Dynamic_War_Manager.Source.Context.Context - ERROR - get_dimension - Invalid asset type: Missile. Expected 'Vehicle' or 'Ship'. Exit.
2026-08-21 14:29:47,087 - Code.Dynamic_War_Manager.Source.Context.Context - ERROR - get_dimension - Invalid dimensions: length=5, width=2, height=-1, weight=10. All values must be non-negative. Exit.
2026-08-21 14:29:47,087 - Code.Dynamic_War_Manager.Source.Context.Context - ERROR - get_dimension - Invalid dimensions: length=-1, width=2, height=2, weight=10. All values must be non-negative. Exit.
2026-08-21 14:29:47,087 - Code.Dynamic_War_Manager.Source.Context.Context - ERROR - get_dimension - Invalid dimensions: length=5, width=2, height=2, weight=-1. All values must be non-negative. Exit.
2026-08-21 14:29:47,087 - Code.Dynamic_War_Manager.Source.Context.Context - ERROR - get_dimension - Invalid dimensions: length=5, width=-1, height=2, weight=10. All values must be non-negative. Exit.
2026-08-21 14:29:47,088 - Code.Dynamic_War_Manager.Source.Context.Context - ERROR - get_dimension - Invalid class_size_structure: NonExistentStructure. Expected one of: ['Bridge', 'Hangar', 'Depot', 'Oil_Tank', 'Farm', 'Power_Plant', 'Station', 'Building', 'Factory', 'Barrack']. Exit.
2026-08-21 14:29:47,088 - Code.Dynamic_War_Manager.Source.Context.Context - ERROR - get_dimension - class_size_structure parameter is required for asset_type 'Structure'. Exit.
2026-08-21 14:29:47,088 - Code.Dynamic_War_Manager.Source.Context.Context - WARNING - get_dimension - Asset dimensions do not fit any category: length=0, width=0, height=0, weight=0. Returning 'Unknown'.
2026-08-21 14:29:47,088 - Code.Dynamic_War_Manager.Source.Context.Context - WARNING - get_dimension - Asset dimensions do not fit any category: length=10, width=3, height=3, weight=50. Returning 'Unknown'.
2026-08-21 14:29:47,089 - Code.Dynamic_War_Manager.Source.Context.Context - WARNING - get_dimension - Asset dimensions do not fit any category: length=5, width=2, height=2, weight=0. Returning 'Unknown'.
2026-08-21 14:29:47,089 - Code.Dynamic_War_Manager.Source.Context.Context - WARNING - get_dimension - Asset dimensions do not fit any category: length=0.5, width=0.5, height=0.5, weight=0.5. Returning 'Unknown'.
2026-08-21 14:31:34,336 - Code.Dynamic_War_Manager.Source.Context.Context - ERROR - get_dimension - Invalid asset type: Missile. Expected 'Vehicle' or 'Ship'. Exit.
2026-08-21 14:31:34,336 - Code.Dynamic_War_Manager.Source.Context.Context - ERROR - get_dimension - Invalid dimensions: length=5, width=2, height=-1, weight=10. All values must be non-negative. Exit.
2026-08-21 14:31:34,336 - Code.Dynamic_War_Manager.Source.Context.Context - ERROR - get_dimension - Invalid dimensions: length=-1, width=2, height=2, weight=10. All values must be non-negative. Exit.
2026-08-21 14:31:34,336 - Code.Dynamic_War_Manager.Source.Context.Context - ERROR - get_dimension - Invalid dimensions: length=5, width=2, height=2, weight=-1. All values must be non-negative. Exit.
2026-08-21 14:31:34,336 - Code.Dynamic_War_Manager.Source.Context.Context - ERROR - get_dimension - Invalid dimensions: length=5, width=-1, height=2, weight=10. All values must be non-negative. Exit.
2026-08-21 14:31:34,336 - Code.Dynamic_War_Manager.Source.Context.Context - ERROR - get_dimension - Invalid class_size_structure: NonExistentStructure. Expected one of: ['Bridge', 'Hangar', 'Depot', 'Oil_Tank', 'Farm', 'Power_Plant', 'Station', 'Building', 'Factory', 'Barrack']. Exit.
2026-08-21 14:31:34,337 - Code.Dynamic_War_Manager.Source.Context.Context - ERROR - get_dimension - class_size_structure parameter is required for asset_type 'Structure'. Exit.
2026-08-21 14:31:34,337 - Code.Dynamic_War_Manager.Source.Context.Context - WARNING - get_dimension - Asset dimensions do not fit any category: length=0, width=0, height=0, weight=0. Returning 'Unknown'.
2026-08-21 14:31:34,337 - Code.Dynamic_War_Manager.Source.Context.Context - WARNING - get_dimension - Asset dimensions do not fit any category: length=10, width=3, height=3, weight=50. Returning 'Unknown'.
2026-08-21 14:31:34,337 - Code.Dynamic_War_Manager.Source.Context.Context - WARNING - get_dimension - Asset dimensions do not fit any category: length=5, width=2, height=2, weight=0. Returning 'Unknown'.
2026-08-21 14:31:34,338 - Code.Dynamic_War_Manager.Source.Context.Context - WARNING - get_dimension - Asset dimensions do not fit any category: length=0.5, width=0.5, height=0.5, weight=0.5. Returning 'Unknown'.
2026-08-21 15:35:04,641 - Code.Dynamic_War_Manager.Source.Context.Context - ERROR - get_dimension - Invalid asset type: Missile. Expected 'Vehicle' or 'Ship'. Exit.
2026-08-21 15:35:04,642 - Code.Dynamic_War_Manager.Source.Context.Context - ERROR - get_dimension - Invalid dimensions: length=5, width=2, height=-1, weight=10. All values must be non-negative. Exit.
2026-08-21 15:35:04,642 - Code.Dynamic_War_Manager.Source.Context.Context - ERROR - get_dimension - Invalid dimensions: length=-1, width=2, height=2, weight=10. All values must be non-negative. Exit.
2026-08-21 15:35:04,642 - Code.Dynamic_War_Manager.Source.Context.Context - ERROR - get_dimension - Invalid dimensions: length=5, width=2, height=2, weight=-1. All values must be non-negative. Exit.
2026-08-21 15:35:04,642 - Code.Dynamic_War_Manager.Source.Context.Context - ERROR - get_dimension - Invalid dimensions: length=5, width=-1, height=2, weight=10. All values must be non-negative. Exit.
2026-08-21 15:35:04,642 - Code.Dynamic_War_Manager.Source.Context.Context - ERROR - get_dimension - Invalid class_size_structure: NonExistentStructure. Expected one of: ['Bridge', 'Hangar', 'Depot', 'Oil_Tank', 'Farm', 'Power_Plant', 'Station', 'Building', 'Factory', 'Barrack']. Exit.
2026-08-21 15:35:04,643 - Code.Dynamic_War_Manager.Source.Context.Context - ERROR - get_dimension - class_size_structure parameter is required for asset_type 'Structure'. Exit.
2026-08-21 15:35:04,643 - Code.Dynamic_War_Manager.Source.Context.Context - WARNING - get_dimension - Asset dimensions do not fit any category: length=0, width=0, height=0, weight=0. Returning 'Unknown'.
2026-08-21 15:35:04,643 - Code.Dynamic_War_Manager.Source.Context.Context - WARNING - get_dimension - Asset dimensions do not fit any category: length=10, width=3, height=3, weight=50. Returning 'Unknown'.
2026-08-21 15:35:04,643 - Code.Dynamic_War_Manager.Source.Context.Context - WARNING - get_dimension - Asset dimensions do not fit any category: length=5, width=2, height=2, weight=0. Returning 'Unknown'.
2026-08-21 15:35:04,644 - Code.Dynamic_War_Manager.Source.Context.Context - WARNING - get_dimension - Asset dimensions do not fit any category: length=0.5, width=0.5, height=0.5, weight=0.5. Returning 'Unknown'.
2026-08-21 15:45:50,604 - Code.Dynamic_War_Manager.Source.Context.Context - ERROR - get_dimension - Invalid asset type: Missile. Expected 'Vehicle' or 'Ship'. Exit.
2026-08-21 15:45:50,604 - Code.Dynamic_War_Manager.Source.Context.Context - ERROR - get_dimension - Invalid dimensions: length=5, width=2, height=-1, weight=10. All values must be non-negative. Exit.
2026-08-21 15:45:50,604 - Code.Dynamic_War_Manager.Source.Context.Context - ERROR - get_dimension - Invalid dimensions: length=-1, width=2, height=2, weight=10. All values must be non-negative. Exit.
2026-08-21 15:45:50,604 - Code.Dynamic_War_Manager.Source.Context.Context - ERROR - get_dimension - Invalid dimensions: length=5, width=2, height=2, weight=-1. All values must be non-negative. Exit.
2026-08-21 15:45:50,605 - Code.Dynamic_War_Manager.Source.Context.Context - ERROR - get_dimension - Invalid dimensions: length=5, width=-1, height=2, weight=10. All values must be non-negative. Exit.
2026-08-21 15:45:50,605 - Code.Dynamic_War_Manager.Source.Context.Context - ERROR - get_dimension - Invalid class_size_structure: NonExistentStructure. Expected one of: ['Bridge', 'Hangar', 'Depot', 'Oil_Tank', 'Farm', 'Power_Plant', 'Station', 'Building', 'Factory', 'Barrack']. Exit.
2026-08-21 15:45:50,605 - Code.Dynamic_War_Manager.Source.Context.Context - ERROR - get_dimension - class_size_structure parameter is required for asset_type 'Structure'. Exit.
2026-08-21 15:45:50,605 - Code.Dynamic_War_Manager.Source.Context.Context - WARNING - get_dimension - Asset dimensions do not fit any category: length=0, width=0, height=0, weight=0. Returning 'Unknown'.
2026-08-21 15:45:50,605 - Code.Dynamic_War_Manager.Source.Context.Context - WARNING - get_dimension - Asset dimensions do not fit any category: length=10, width=3, height=3, weight=50. Returning 'Unknown'.
2026-08-21 15:45:50,606 - Code.Dynamic_War_Manager.Source.Context.Context - WARNING - get_dimension - Asset dimensions do not fit any category: length=5, width=2, height=2, weight=0. Returning 'Unknown'.
2026-08-21 15:45:50,606 - Code.Dynamic_War_Manager.Source.Context.Context - WARNING - get_dimension - Asset dimensions do not fit any category: length=0.5, width=0.5, height=0.5, weight=0.5. Returning 'Unknown'.
2026-08-26 19:10:00,231 - Code.Dynamic_War_Manager.Source.Context.Context - ERROR - get_dimension - Invalid asset type: Missile. Expected 'Vehicle' or 'Ship'. Exit.
2026-08-26 19:10:00,233 - Code.Dynamic_War_Manager.Source.Context.Context - ERROR - get_dimension - Invalid dimensions: length=5, width=2, height=-1, weight=10. All values must be non-negative. Exit.
2026-08-26 19:10:00,233 - Code.Dynamic_War_Manager.Source.Context.Context - ERROR - get_dimension - Invalid dimensions: length=-1, width=2, height=2, weight=10. All values must be non-negative. Exit.
2026-08-26 19:10:00,233 - Code.Dynamic_War_Manager.Source.Context.Context - ERROR - get_dimension - Invalid dimensions: length=5, width=2, height=2, weight=-1. All values must be non-negative. Exit.
2026-08-26 19:10:00,233 - Code.Dynamic_War_Manager.Source.Context.Context - ERROR - get_dimension - Invalid dimensions: length=5, width=-1, height=2, weight=10. All values must be non-negative. Exit.
2026-08-26 19:10:00,233 - Code.Dynamic_War_Manager.Source.Context.Context - ERROR - get_dimension - Invalid class_size_structure: NonExistentStructure. Expected one of: ['Bridge', 'Hangar', 'Depot', 'Oil_Tank', 'Farm', 'Power_Plant', 'Station', 'Building', 'Factory', 'Barrack']. Exit.
2026-08-26 19:10:00,234 - Code.Dynamic_War_Manager.Source.Context.Context - ERROR - get_dimension - class_size_structure parameter is required for asset_type 'Structure'. Exit.
2026-08-26 19:10:00,234 - Code.Dynamic_War_Manager.Source.Context.Context - WARNING - get_dimension - Asset dimensions do not fit any category: length=0, width=0, height=0, weight=0. Returning 'Unknown'.
2026-08-26 19:10:00,234 - Code.Dynamic_War_Manager.Source.Context.Context - WARNING - get_dimension - Asset dimensions do not fit any category: length=10, width=3, height=3, weight=50. Returning 'Unknown'.
2026-08-26 19:10:00,234 - Code.Dynamic_War_Manager.Source.Context.Context - WARNING - get_dimension - Asset dimensions do not fit any category: length=5, width=2, height=2, weight=0. Returning 'Unknown'.
2026-08-26 19:10:00,235 - Code.Dynamic_War_Manager.Source.Context.Context - WARNING - get_dimension - Asset dimensions do not fit any category: length=0.5, width=0.5, height=0.5, weight=0.5. Returning 'Unknown'.
2026-09-11 16:02:05,107 - Code.Dynamic_War_Manager.Source.Context.Context - ERROR - get_dimension - Invalid asset type: Missile. Expected 'Vehicle' or 'Ship'. Exit.
2026-09-11 16:02:05,109 - Code.Dynamic_War_Manager.Source.Context.Context - ERROR - get_dimension - Invalid dimensions: length=5, width=2, height=-1, weight=10. All values must be non-negative. Exit.
2026-09-11 16:02:05,109 - Code.Dynamic_War_Manager.Source.Context.Context - ERROR - get_dimension - Invalid dimensions: length=-1, width=2, height=2, weight=10. All values must be non-negative. Exit.
2026-09-11 16:02:05,109 - Code.Dynamic_War_Manager.Source.Context.Context - ERROR - get_dimension - Invalid dimensions: length=5, width=2, height=2, weight=-1. All values must be non-negative. Exit.
2026-09-11 16:02:05,110 - Code.Dynamic_War_Manager.Source.Context.Context - ERROR - get_dimension - Invalid dimensions: length=5, width=-1, height=2, weight=10. All values must be non-negative. Exit.
2026-09-11 16:02:05,110 - Code.Dynamic_War_Manager.Source.Context.Context - ERROR - get_dimension - Invalid class_size_structure: NonExistentStructure. Expected one of: ['Bridge', 'Hangar', 'Depot', 'Oil_Tank', 'Farm', 'Power_Plant', 'Station', 'Building', 'Factory', 'Barrack']. Exit.
2026-09-11 16:02:05,110 - Code.Dynamic_War_Manager.Source.Context.Context - ERROR - get_dimension - class_size_structure parameter is required for asset_type 'Structure'. Exit.
2026-09-11 16:02:05,110 - Code.Dynamic_War_Manager.Source.Context.Context - WARNING - get_dimension - Asset dimensions do not fit any category: length=0, width=0, height=0, weight=0. Returning 'Unknown'.
2026-09-11 16:02:05,112 - Code.Dynamic_War_Manager.Source.Context.Context - WARNING - get_dimension - Asset dimensions do not fit any category: length=10, width=3, height=3, weight=50. Returning 'Unknown'.
2026-09-11 16:02:05,112 - Code.Dynamic_War_Manager.Source.Context.Context - WARNING - get_dimension - Asset dimensions do not fit any category: length=5, width=2, height=2, weight=0. Returning 'Unknown'.
2026-09-11 16:02:05,114 - Code.Dynamic_War_Manager.Source.Context.Context - WARNING - get_dimension - Asset dimensions do not fit any category: length=0.5, width=0.5, height=0.5, weight=0.5. Returning 'Unknown'.
2026-09-11 16:02:10,683 - Code.Dynamic_War_Manager.Source.Context.Context - ERROR - get_dimension - Invalid asset type: Missile. Expected 'Vehicle' or 'Ship'. Exit.
2026-09-11 16:02:10,683 - Code.Dynamic_War_Manager.Source.Context.Context - ERROR - get_dimension - Invalid dimensions: length=5, width=2, height=-1, weight=10. All values must be non-negative. Exit.
2026-09-11 16:02:10,683 - Code.Dynamic_War_Manager.Source.Context.Context - ERROR - get_dimension - Invalid dimensions: length=-1, width=2, height=2, weight=10. All values must be non-negative. Exit.
2026-09-11 16:02:10,684 - Code.Dynamic_War_Manager.Source.Context.Context - ERROR - get_dimension - Invalid dimensions: length=5, width=2, height=2, weight=-1. All values must be non-negative. Exit.
2026-09-11 16:02:10,684 - Code.Dynamic_War_Manager.Source.Context.Context - ERROR - get_dimension - Invalid dimensions: length=5, width=-1, height=2, weight=10. All values must be non-negative. Exit.
2026-09-11 16:02:10,684 - Code.Dynamic_War_Manager.Source.Context.Context - ERROR - get_dimension - Invalid class_size_structure: NonExistentStructure. Expected one of: ['Bridge', 'Hangar', 'Depot', 'Oil_Tank', 'Farm', 'Power_Plant', 'Station', 'Building', 'Factory', 'Barrack']. Exit.
2026-09-11 16:02:10,684 - Code.Dynamic_War_Manager.Source.Context.Context - ERROR - get_dimension - class_size_structure parameter is required for asset_type 'Structure'. Exit.
2026-09-11 16:02:10,684 - Code.Dynamic_War_Manager.Source.Context.Context - WARNING - get_dimension - Asset dimensions do not fit any category: length=0, width=0, height=0, weight=0. Returning 'Unknown'.
2026-09-11 16:02:10,685 - Code.Dynamic_War_Manager.Source.Context.Context - WARNING - get_dimension - Asset dimensions do not fit any category: length=10, width=3, height=3, weight=50. Returning 'Unknown'.
2026-09-11 16:02:10,686 - Code.Dynamic_War_Manager.Source.Context.Context - WARNING - get_dimension - Asset dimensions do not fit any category: length=5, width=2, height=2, weight=0. Returning 'Unknown'.
2026-09-11 16:02:10,688 - Code.Dynamic_War_Manager.Source.Context.Context - WARNING - get_dimension - Asset dimensions do not fit any category: length=0.5, width=0.5, height=0.5, weight=0.5. Returning 'Unknown'.
2026-09-11 16:02:39,354 - Code.Dynamic_War_Manager.Source.Context.Context - ERROR - get_dimension - Invalid asset type: Missile. Expected 'Vehicle' or 'Ship'. Exit.
2026-09-11 16:02:39,354 - Code.Dynamic_War_Manager.Source.Context.Context - ERROR - get_dimension - Invalid dimensions: length=5, width=2, height=-1, weight=10. All values must be non-negative. Exit.
2026-09-11 16:02:39,354 - Code.Dynamic_War_Manager.Source.Context.Context - ERROR - get_dimension - Invalid dimensions: length=-1, width=2, height=2, weight=10. All values must be non-negative. Exit.
2026-09-11 16:02:39,355 - Code.Dynamic_War_Manager.Source.Context.Context - ERROR - get_dimension - Invalid dimensions: length=5, width=2, height=2, weight=-1. All values must be non-negative. Exit.
2026-09-11 16:02:39,355 - Code.Dynamic_War_Manager.Source.Context.Context - ERROR - get_dimension - Invalid dimensions: length=5, width=-1, height=2, weight=10. All values must be non-negative. Exit.
2026-09-11 16:02:39,355 - Code.Dynamic_War_Manager.Source.Context.Context - ERROR - get_dimension - Invalid class_size_structure: NonExistentStructure. Expected one of: ['Bridge', 'Hangar', 'Depot', 'Oil_Tank', 'Farm', 'Power_Plant', 'Station', 'Building', 'Factory', 'Barrack']. Exit.
2026-09-11 16:02:39,355 - Code.Dynamic_War_Manager.Source.Context.Context - ERROR - get_dimension - class_size_structure parameter is required for asset_type 'Structure'. Exit.
2026-09-11 16:02:39,355 - Code.Dynamic_War_Manager.Source.Context.Context - WARNING - get_dimension - Asset dimensions do not fit any category: length=0, width=0, height=0, weight=0. Returning 'Unknown'.
2026-09-11 16:02:39,356 - Code.Dynamic_War_Manager.Source.Context.Context - WARNING - get_dimension - Asset dimensions do not fit any category: length=10, width=3, height=3, weight=50. Returning 'Unknown'.
2026-09-11 16:02:39,356 - Code.Dynamic_War_Manager.Source.Context.Context - WARNING - get_dimension - Asset dimensions do not fit any category: length=5, width=2, height=2, weight=0. Returning 'Unknown'.
2026-09-11 16:02:39,357 - Code.Dynamic_War_Manager.Source.Context.Context - WARNING - get_dimension - Asset dimensions do not fit any category: length=0.5, width=0.5, height=0.5, weight=0.5. Returning 'Unknown'.
2026-09-11 16:18:38,500 - Code.Dynamic_War_Manager.Source.Context.Context - ERROR - get_dimension - Invalid asset type: Missile. Expected 'Vehicle' or 'Ship'. Exit.
2026-09-11 16:18:38,500 - Code.Dynamic_War_Manager.Source.Context.Context - ERROR - get_dimension - Invalid dimensions: length=5, width=2, height=-1, weight=10. All values must be non-negative. Exit.
2026-09-11 16:18:38,500 - Code.Dynamic_War_Manager.Source.Context.Context - ERROR - get_dimension - Invalid dimensions: length=-1, width=2, height=2, weight=10. All values must be non-negative. Exit.
2026-09-11 16:18:38,500 - Code.Dynamic_War_Manager.Source.Context.Context - ERROR - get_dimension - Invalid dimensions: length=5, width=2, height=2, weight=-1. All values must be non-negative. Exit.
2026-09-11 16:18:38,500 - Code.Dynamic_War_Manager.Source.Context.Context - ERROR - get_dimension - Invalid dimensions: length=5, width=-1, height=2, weight=10. All values must be non-negative. Exit.
2026-09-11 16:18:38,501 - Code.Dynamic_War_Manager.Source.Context.Context - ERROR - get_dimension - Invalid class_size_structure: NonExistentStructure. Expected one of: ['Bridge', 'Hangar', 'Depot', 'Oil_Tank', 'Farm', 'Power_Plant', 'Station', 'Building', 'Factory', 'Barrack']. Exit.
2026-09-11 16:18:38,501 - Code.Dynamic_War_Manager.Source.Context.Context - ERROR - get_dimension - class_size_structure parameter is required for asset_type 'Structure'. Exit.
2026-09-11 16:18:38,501 - Code.Dynamic_War_Manager.Source.Context.Context - WARNING - get_dimension - Asset dimensions do not fit any category: length=0, width=0, height=0, weight=0. Returning 'Unknown'.
2026-09-11 16:18:38,501 - Code.Dynamic_War_Manager.Source.Context.Context - WARNING - get_dimension - Asset dimensions do not fit any category: length=10, width=3, height=3, weight=50. Returning 'Unknown'.
2026-09-11 16:18:38,502 - Code.Dynamic_War_Manager.Source.Context.Context - WARNING - get_dimension - Asset dimensions do not fit any category: length=5, width=2, height=2, weight=0. Returning 'Unknown'.
2026-09-11 16:18:38,503 - Code.Dynamic_War_Manager.Source.Context.Context - WARNING - get_dimension - Asset dimensions do not fit any category: length=0.5, width=0.5, height=0.5, weight=0.5. Returning 'Unknown'.
2026-09-11 17:36:45,407 - Code.Dynamic_War_Manager.Source.Context.Context - ERROR - get_dimension - Invalid asset type: Missile. Expected 'Vehicle' or 'Ship'. Exit.
2026-09-11 17:36:45,407 - Code.Dynamic_War_Manager.Source.Context.Context - ERROR - get_dimension - Invalid dimensions: length=5, width=2, height=-1, weight=10. All values must be non-negative. Exit.
2026-09-11 17:36:45,407 - Code.Dynamic_War_Manager.Source.Context.Context - ERROR - get_dimension - Invalid dimensions: length=-1, width=2, height=2, weight=10. All values must be non-negative. Exit.
2026-09-11 17:36:45,407 - Code.Dynamic_War_Manager.Source.Context.Context - ERROR - get_dimension - Invalid dimensions: length=5, width=2, height=2, weight=-1. All values must be non-negative. Exit.
2026-09-11 17:36:45,407 - Code.Dynamic_War_Manager.Source.Context.Context - ERROR - get_dimension - Invalid dimensions: length=5, width=-1, height=2, weight=10. All values must be non-negative. Exit.
2026-09-11 17:36:45,407 - Code.Dynamic_War_Manager.Source.Context.Context - ERROR - get_dimension - Invalid class_size_structure: NonExistentStructure. Expected one of: ['Bridge', 'Hangar', 'Depot', 'Oil_Tank', 'Farm', 'Power_Plant', 'Station', 'Building', 'Factory', 'Barrack']. Exit.
2026-09-11 17:36:45,408 - Code.Dynamic_War_Manager.Source.Context.Context - ERROR - get_dimension - class_size_structure parameter is required for asset_type 'Structure'. Exit.
2026-09-11 17:36:45,408 - Code.Dynamic_War_Manager.Source.Context.Context - WARNING - get_dimension - Asset dimensions do not fit any category: length=0, width=0, height=0, weight=0. Returning 'Unknown'.
2026-09-11 17:36:45,408 - Code.Dynamic_War_Manager.Source.Context.Context - WARNING - get_dimension - Asset dimensions do not fit any category: length=10, width=3, height=3, weight=50. Returning 'Unknown'.
2026-09-11 17:36:45,408 - Code.Dynamic_War_Manager.Source.Context.Context - WARNING - get_dimension - Asset dimensions do not fit any category: length=5, width=2, height=2, weight=0. Returning 'Unknown'.
2026-09-11 17:36:45,409 - Code.Dynamic_War_Manager.Source.Context.Context - WARNING - get_dimension - Asset dimensions do not fit any category: length=0.5, width=0.5, height=0.5, weight=0.5. Returning 'Unknown'.
2026-09-11 17:38:47,432 - Code.Dynamic_War_Manager.Source.Context.Context - ERROR - get_dimension - Invalid asset type: Missile. Expected 'Vehicle' or 'Ship'. Exit.
2026-09-11 17:38:47,432 - Code.Dynamic_War_Manager.Source.Context.Context - ERROR - get_dimension - Invalid dimensions: length=5, width=2, height=-1, weight=10. All values must be non-negative. Exit.
2026-09-11 17:38:47,433 - Code.Dynamic_War_Manager.Source.Context.Context - ERROR - get_dimension - Invalid dimensions: length=-1, width=2, height=2, weight=10. All values must be non-negative. Exit.
2026-09-11 17:38:47,433 - Code.Dynamic_War_Manager.Source.Context.Context - ERROR - get_dimension - Invalid dimensions: length=5, width=2, height=2, weight=-1. All values must be non-negative. Exit.
2026-09-11 17:38:47,433 - Code.Dynamic_War_Manager.Source.Context.Context - ERROR - get_dimension - Invalid dimensions: length=5, width=-1, height=2, weight=10. All values must be non-negative. Exit.
2026-09-11 17:38:47,433 - Code.Dynamic_War_Manager.Source.Context.Context - ERROR - get_dimension - Invalid class_size_structure: NonExistentStructure. Expected one of: ['Bridge', 'Hangar', 'Depot', 'Oil_Tank', 'Farm', 'Power_Plant', 'Station', 'Building', 'Factory', 'Barrack']. Exit.
2026-09-11 17:38:47,433 - Code.Dynamic_War_Manager.Source.Context.Context - ERROR - get_dimension - class_size_structure parameter is required for asset_type 'Structure'. Exit.
2026-09-11 17:38:47,433 - Code.Dynamic_War_Manager.Source.Context.Context - WARNING - get_dimension - Asset dimensions do not fit any category: length=0, width=0, height=0, weight=0. Returning 'Unknown'.
2026-09-11 17:38:47,434 - Code.Dynamic_War_Manager.Source.Context.Context - WARNING - get_dimension - Asset dimensions do not fit any category: length=10, width=3, height=3, weight=50. Returning 'Unknown'.
2026-09-11 17:38:47,434 - Code.Dynamic_War_Manager.Source.Context.Context - WARNING - get_dimension - Asset dimensions do not fit any category: length=5, width=2, height=2, weight=0. Returning 'Unknown'.
2026-09-11 17:38:47,434 - Code.Dynamic_War_Manager.Source.Context.Context - WARNING - get_dimension - Asset dimensions do not fit any category: length=0.5, width=0.5, height=0.5, weight=0.5. Returning 'Unknown'.
2026-09-11 18:32:32,267 - Code.Dynamic_War_Manager.Source.Context.Context - ERROR - get_dimension - Invalid asset type: Missile. Expected 'Vehicle' or 'Ship'. Exit.
2026-09-11 18:32:32,267 - Code.Dynamic_War_Manager.Source.Context.Context - ERROR - get_dimension - Invalid dimensions: length=5, width=2, height=-1, weight=10. All values must be non-negative. Exit.
2026-09-11 18:32:32,267 - Code.Dynamic_War_Manager.Source.Context.Context - ERROR - get_dimension - Invalid dimensions: length=-1, width=2, height=2, weight=10. All values must be non-negative. Exit.
2026-09-11 18:32:32,267 - Code.Dynamic_War_Manager.Source.Context.Context - ERROR - get_dimension - Invalid dimensions: length=5, width=2, height=2, weight=-1. All values must be non-negative. Exit.
2026-09-11 18:32:32,268 - Code.Dynamic_War_Manager.Source.Context.Context - ERROR - get_dimension - Invalid dimensions: length=5, width=-1, height=2, weight=10. All values must be non-negative. Exit.
2026-09-11 18:32:32,268 - Code.Dynamic_War_Manager.Source.Context.Context - ERROR - get_dimension - Invalid class_size_structure: NonExistentStructure. Expected one of: ['Bridge', 'Hangar', 'Depot', 'Oil_Tank', 'Farm', 'Power_Plant', 'Station', 'Building', 'Factory', 'Barrack']. Exit.
2026-09-11 18:32:32,268 - Code.Dynamic_War_Manager.Source.Context.Context - ERROR - get_dimension - class_size_structure parameter is required for asset_type 'Structure'. Exit.
2026-09-11 18:32:32,268 - Code.Dynamic_War_Manager.Source.Context.Context - WARNING - get_dimension - Asset dimensions do not fit any category: length=0, width=0, height=0, weight=0. Returning 'Unknown'.
2026-09-11 18:32:32,268 - Code.Dynamic_War_Manager.Source.Context.Context - WARNING - get_dimension - Asset dimensions do not fit any category: length=10, width=3, height=3, weight=50. Returning 'Unknown'.
2026-09-11 18:32:32,269 - Code.Dynamic_War_Manager.Source.Context.Context - WARNING - get_dimension - Asset dimensions do not fit any category: length=5, width=2, height=2, weight=0. Returning 'Unknown'.
2026-09-11 18:32:32,269 - Code.Dynamic_War_Manager.Source.Context.Context - WARNING - get_dimension - Asset dimensions do not fit any category: length=0.5, width=0.5, height=0.5, weight=0.5. Returning 'Unknown'.
2026-09-11 18:40:47,374 - Code.Dynamic_War_Manager.Source.Context.Context - ERROR - get_dimension - Invalid asset type: Missile. Expected 'Vehicle' or 'Ship'. Exit.
2026-09-11 18:40:47,375 - Code.Dynamic_War_Manager.Source.Context.Context - ERROR - get_dimension - Invalid dimensions: length=5, width=2, height=-1, weight=10. All values must be non-negative. Exit.
2026-09-11 18:40:47,375 - Code.Dynamic_War_Manager.Source.Context.Context - ERROR - get_dimension - Invalid dimensions: length=-1, width=2, height=2, weight=10. All values must be non-negative. Exit.
2026-09-11 18:40:47,375 - Code.Dynamic_War_Manager.Source.Context.Context - ERROR - get_dimension - Invalid dimensions: length=5, width=2, height=2, weight=-1. All values must be non-negative. Exit.
2026-09-11 18:40:47,375 - Code.Dynamic_War_Manager.Source.Context.Context - ERROR - get_dimension - Invalid dimensions: length=5, width=-1, height=2, weight=10. All values must be non-negative. Exit.
2026-09-11 18:40:47,375 - Code.Dynamic_War_Manager.Source.Context.Context - ERROR - get_dimension - Invalid class_size_structure: NonExistentStructure. Expected one of: ['Bridge', 'Hangar', 'Depot', 'Oil_Tank', 'Farm', 'Power_Plant', 'Station', 'Building', 'Factory', 'Barrack']. Exit.
2026-09-11 18:40:47,375 - Code.Dynamic_War_Manager.Source.Context.Context - ERROR - get_dimension - class_size_structure parameter is required for asset_type 'Structure'. Exit.
2026-09-11 18:40:47,375 - Code.Dynamic_War_Manager.Source.Context.Context - WARNING - get_dimension - Asset dimensions do not fit any category: length=0, width=0, height=0, weight=0. Returning 'Unknown'.
2026-09-11 18:40:47,375 - Code.Dynamic_War_Manager.Source.Context.Context - WARNING - get_dimension - Asset dimensions do not fit any category: length=10, width=3, height=3, weight=50. Returning 'Unknown'.
2026-09-11 18:40:47,376 - Code.Dynamic_War_Manager.Source.Context.Context - WARNING - get_dimension - Asset dimensions do not fit any category: length=5, width=2, height=2, weight=0. Returning 'Unknown'.
2026-09-11 18:40:47,376 - Code.Dynamic_War_Manager.Source.Context.Context - WARNING - get_dimension - Asset dimensions do not fit any category: length=0.5, width=0.5, height=0.5, weight=0.5. Returning 'Unknown'.
2026-09-11 19:29:28,913 - Code.Dynamic_War_Manager.Source.Context.Context - ERROR - get_dimension - Invalid asset type: Missile. Expected 'Vehicle' or 'Ship'. Exit.
2026-09-11 19:29:28,913 - Code.Dynamic_War_Manager.Source.Context.Context - ERROR - get_dimension - Invalid dimensions: length=5, width=2, height=-1, weight=10. All values must be non-negative. Exit.
2026-09-11 19:29:28,913 - Code.Dynamic_War_Manager.Source.Context.Context - ERROR - get_dimension - Invalid dimensions: length=-1, width=2, height=2, weight=10. All values must be non-negative. Exit.
2026-09-11 19:29:28,913 - Code.Dynamic_War_Manager.Source.Context.Context - ERROR - get_dimension - Invalid dimensions: length=5, width=2, height=2, weight=-1. All values must be non-negative. Exit.
2026-09-11 19:29:28,913 - Code.Dynamic_War_Manager.Source.Context.Context - ERROR - get_dimension - Invalid dimensions: length=5, width=-1, height=2, weight=10. All values must be non-negative. Exit.
2026-09-11 19:29:28,913 - Code.Dynamic_War_Manager.Source.Context.Context - ERROR - get_dimension - Invalid class_size_structure: NonExistentStructure. Expected one of: ['Bridge', 'Hangar', 'Depot', 'Oil_Tank', 'Farm', 'Power_Plant', 'Station', 'Building', 'Factory', 'Barrack']. Exit.
2026-09-11 19:29:28,914 - Code.Dynamic_War_Manager.Source.Context.Context - ERROR - get_dimension - class_size_structure parameter is required for asset_type 'Structure'. Exit.
2026-09-11 19:29:28,914 - Code.Dynamic_War_Manager.Source.Context.Context - WARNING - get_dimension - Asset dimensions do not fit any category: length=0, width=0, height=0, weight=0. Returning 'Unknown'.
2026-09-11 19:29:28,914 - Code.Dynamic_War_Manager.Source.Context.Context - WARNING - get_dimension - Asset dimensions do not fit any category: length=10, width=3, height=3, weight=50. Returning 'Unknown'.
2026-09-11 19:29:28,914 - Code.Dynamic_War_Manager.Source.Context.Context - WARNING - get_dimension - Asset dimensions do not fit any category: length=5, width=2, height=2, weight=0. Returning 'Unknown'.
2026-09-11 19:29:28,915 - Code.Dynamic_War_Manager.Source.Context.Context - WARNING - get_dimension - Asset dimensions do not fit any category: length=0.5, width=0.5, height=0.5, weight=0.5. Returning 'Unknown'.
2026-09-11 20:01:21,972 - Code.Dynamic_War_Manager.Source.Context.Context - ERROR - get_dimension - Invalid asset type: Missile. Expected 'Vehicle' or 'Ship'. Exit.
2026-09-11 20:01:21,972 - Code.Dynamic_War_Manager.Source.Context.Context - ERROR - get_dimension - Invalid dimensions: length=5, width=2, height=-1, weight=10. All values must be non-negative. Exit.
2026-09-11 20:01:21,972 - Code.Dynamic_War_Manager.Source.Context.Context - ERROR - get_dimension - Invalid dimensions: length=-1, width=2, height=2, weight=10. All values must be non-negative. Exit.
2026-09-11 20:01:21,972 - Code.Dynamic_War_Manager.Source.Context.Context - ERROR - get_dimension - Invalid dimensions: length=5, width=2, height=2, weight=-1. All values must be non-negative. Exit.
2026-09-11 20:01:21,972 - Code.Dynamic_War_Manager.Source.Context.Context - ERROR - get_dimension - Invalid dimensions: length=5, width=-1, height=2, weight=10. All values must be non-negative. Exit.
2026-09-11 20:01:21,972 - Code.Dynamic_War_Manager.Source.Context.Context - ERROR - get_dimension - Invalid class_size_structure: NonExistentStructure. Expected one of: ['Bridge', 'Hangar', 'Depot', 'Oil_Tank', 'Farm', 'Power_Plant', 'Station', 'Building', 'Factory', 'Barrack']. Exit.
2026-09-11 20:01:21,972 - Code.Dynamic_War_Manager.Source.Context.Context - ERROR - get_dimension - class_size_structure parameter is required for asset_type 'Structure'. Exit.
2026-09-11 20:01:21,973 - Code.Dynamic_War_Manager.Source.Context.Context - WARNING - get_dimension - Asset dimensions do not fit any category: length=0, width=0, height=0, weight=0. Returning 'Unknown'.
2026-09-11 20:01:21,973 - Code.Dynamic_War_Manager.Source.Context.Context - WARNING - get_dimension - Asset dimensions do not fit any category: length=10, width=3, height=3, weight=50. Returning 'Unknown'.
2026-09-11 20:01:21,973 - Code.Dynamic_War_Manager.Source.Context.Context - WARNING - get_dimension - Asset dimensions do not fit any category: length=5, width=2, height=2, weight=0. Returning 'Unknown'.
2026-09-11 20:01:21,974 - Code.Dynamic_War_Manager.Source.Context.Context - WARNING - get_dimension - Asset dimensions do not fit any category: length=0.5, width=0.5, height=0.5, weight=0.5. Returning 'Unknown'.
2026-09-11 20:01:43,162 - Code.Dynamic_War_Manager.Source.Context.Context - ERROR - get_dimension - Invalid asset type: Missile. Expected 'Vehicle' or 'Ship'. Exit.
2026-09-11 20:01:43,162 - Code.Dynamic_War_Manager.Source.Context.Context - ERROR - get_dimension - Invalid dimensions: length=5, width=2, height=-1, weight=10. All values must be non-negative. Exit.
2026-09-11 20:01:43,162 - Code.Dynamic_War_Manager.Source.Context.Context - ERROR - get_dimension - Invalid dimensions: length=-1, width=2, height=2, weight=10. All values must be non-negative. Exit.
2026-09-11 20:01:43,162 - Code.Dynamic_War_Manager.Source.Context.Context - ERROR - get_dimension - Invalid dimensions: length=5, width=2, height=2, weight=-1. All values must be non-negative. Exit.
2026-09-11 20:01:43,162 - Code.Dynamic_War_Manager.Source.Context.Context - ERROR - get_dimension - Invalid dimensions: length=5, width=-1, height=2, weight=10. All values must be non-negative. Exit.
2026-09-11 20:01:43,163 - Code.Dynamic_War_Manager.Source.Context.Context - ERROR - get_dimension - Invalid class_size_structure: NonExistentStructure. Expected one of: ['Bridge', 'Hangar', 'Depot', 'Oil_Tank', 'Farm', 'Power_Plant', 'Station', 'Building', 'Factory', 'Barrack']. Exit.
2026-09-11 20:01:43,163 - Code.Dynamic_War_Manager.Source.Context.Context - ERROR - get_dimension - class_size_structure parameter is required for asset_type 'Structure'. Exit.
2026-09-11 20:01:43,163 - Code.Dynamic_War_Manager.Source.Context.Context - WARNING - get_dimension - Asset dimensions do not fit any category: length=0, width=0, height=0, weight=0. Returning 'Unknown'.
2026-09-11 20:01:43,163 - Code.Dynamic_War_Manager.Source.Context.Context - WARNING - get_dimension - Asset dimensions do not fit any category: length=10, width=3, height=3, weight=50. Returning 'Unknown'.
2026-09-11 20:01:43,163 - Code.Dynamic_War_Manager.Source.Context.Context - WARNING - get_dimension - Asset dimensions do not fit any category: length=5, width=2, height=2, weight=0. Returning 'Unknown'.
2026-09-11 20:01:43,164 - Code.Dynamic_War_Manager.Source.Context.Context - WARNING - get_dimension - Asset dimensions do not fit any category: length=0.5, width=0.5, height=0.5, weight=0.5. Returning 'Unknown'.
2026-09-11 20:03:35,660 - Code.Dynamic_War_Manager.Source.Context.Context - ERROR - get_dimension - Invalid asset type: Missile. Expected 'Vehicle' or 'Ship'. Exit.
2026-09-11 20:03:35,661 - Code.Dynamic_War_Manager.Source.Context.Context - ERROR - get_dimension - Invalid dimensions: length=5, width=2, height=-1, weight=10. All values must be non-negative. Exit.
2026-09-11 20:03:35,661 - Code.Dynamic_War_Manager.Source.Context.Context - ERROR - get_dimension - Invalid dimensions: length=-1, width=2, height=2, weight=10. All values must be non-negative. Exit.
2026-09-11 20:03:35,661 - Code.Dynamic_War_Manager.Source.Context.Context - ERROR - get_dimension - Invalid dimensions: length=5, width=2, height=2, weight=-1. All values must be non-negative. Exit.
2026-09-11 20:03:35,661 - Code.Dynamic_War_Manager.Source.Context.Context - ERROR - get_dimension - Invalid dimensions: length=5, width=-1, height=2, weight=10. All values must be non-negative. Exit.
2026-09-11 20:03:35,661 - Code.Dynamic_War_Manager.Source.Context.Context - ERROR - get_dimension - Invalid class_size_structure: NonExistentStructure. Expected one of: ['Bridge', 'Hangar', 'Depot', 'Oil_Tank', 'Farm', 'Power_Plant', 'Station', 'Building', 'Factory', 'Barrack']. Exit.
2026-09-11 20:03:35,661 - Code.Dynamic_War_Manager.Source.Context.Context - ERROR - get_dimension - class_size_structure parameter is required for asset_type 'Structure'. Exit.
2026-09-11 20:03:35,661 - Code.Dynamic_War_Manager.Source.Context.Context - WARNING - get_dimension - Asset dimensions do not fit any category: length=0, width=0, height=0, weight=0. Returning 'Unknown'.
2026-09-11 20:03:35,662 - Code.Dynamic_War_Manager.Source.Context.Context - WARNING - get_dimension - Asset dimensions do not fit any category: length=10, width=3, height=3, weight=50. Returning 'Unknown'.
2026-09-11 20:03:35,662 - Code.Dynamic_War_Manager.Source.Context.Context - WARNING - get_dimension - Asset dimensions do not fit any category: length=5, width=2, height=2, weight=0. Returning 'Unknown'.
2026-09-11 20:03:35,663 - Code.Dynamic_War_Manager.Source.Context.Context - WARNING - get_dimension - Asset dimensions do not fit any category: length=0.5, width=0.5, height=0.5, weight=0.5. Returning 'Unknown'.
2026-09-12 09:28:29,484 - Code.Dynamic_War_Manager.Source.Context.Context - ERROR - get_dimension - Invalid asset type: Missile. Expected 'Vehicle' or 'Ship'. Exit.
2026-09-12 09:28:29,486 - Code.Dynamic_War_Manager.Source.Context.Context - ERROR - get_dimension - Invalid dimensions: length=5, width=2, height=-1, weight=10. All values must be non-negative. Exit.
2026-09-12 09:28:29,486 - Code.Dynamic_War_Manager.Source.Context.Context - ERROR - get_dimension - Invalid dimensions: length=-1, width=2, height=2, weight=10. All values must be non-negative. Exit.
2026-09-12 09:28:29,487 - Code.Dynamic_War_Manager.Source.Context.Context - ERROR - get_dimension - Invalid dimensions: length=5, width=2, height=2, weight=-1. All values must be non-negative. Exit.
2026-09-12 09:28:29,487 - Code.Dynamic_War_Manager.Source.Context.Context - ERROR - get_dimension - Invalid dimensions: length=5, width=-1, height=2, weight=10. All values must be non-negative. Exit.
2026-09-12 09:28:29,487 - Code.Dynamic_War_Manager.Source.Context.Context - ERROR - get_dimension - Invalid class_size_structure: NonExistentStructure. Expected one of: ['Bridge', 'Hangar', 'Depot', 'Oil_Tank', 'Farm', 'Power_Plant', 'Station', 'Building', 'Factory', 'Barrack']. Exit.
2026-09-12 09:28:29,487 - Code.Dynamic_War_Manager.Source.Context.Context - ERROR - get_dimension - class_size_structure parameter is required for asset_type 'Structure'. Exit.
2026-09-12 09:28:29,487 - Code.Dynamic_War_Manager.Source.Context.Context - WARNING - get_dimension - Asset dimensions do not fit any category: length=0, width=0, height=0, weight=0. Returning 'Unknown'.
2026-09-12 09:28:29,488 - Code.Dynamic_War_Manager.Source.Context.Context - WARNING - get_dimension - Asset dimensions do not fit any category: length=10, width=3, height=3, weight=50. Returning 'Unknown'.
2026-09-12 09:28:29,488 - Code.Dynamic_War_Manager.Source.Context.Context - WARNING - get_dimension - Asset dimensions do not fit any category: length=5, width=2, height=2, weight=0. Returning 'Unknown'.
2026-09-12 09:28:29,489 - Code.Dynamic_War_Manager.Source.Context.Context - WARNING - get_dimension - Asset dimensions do not fit any category: length=0.5, width=0.5, height=0.5, weight=0.5. Returning 'Unknown'.
2026-09-12 09:30:27,377 - Code.Dynamic_War_Manager.Source.Context.Context - ERROR - get_dimension - Invalid asset type: Missile. Expected 'Vehicle' or 'Ship'. Exit.
2026-09-12 09:30:27,377 - Code.Dynamic_War_Manager.Source.Context.Context - ERROR - get_dimension - Invalid dimensions: length=5, width=2, height=-1, weight=10. All values must be non-negative. Exit.
2026-09-12 09:30:27,377 - Code.Dynamic_War_Manager.Source.Context.Context - ERROR - get_dimension - Invalid dimensions: length=-1, width=2, height=2, weight=10. All values must be non-negative. Exit.
2026-09-12 09:30:27,377 - Code.Dynamic_War_Manager.Source.Context.Context - ERROR - get_dimension - Invalid dimensions: length=5, width=2, height=2, weight=-1. All values must be non-negative. Exit.
2026-09-12 09:30:27,377 - Code.Dynamic_War_Manager.Source.Context.Context - ERROR - get_dimension - Invalid dimensions: length=5, width=-1, height=2, weight=10. All values must be non-negative. Exit.
2026-09-12 09:30:27,378 - Code.Dynamic_War_Manager.Source.Context.Context - ERROR - get_dimension - Invalid class_size_structure: NonExistentStructure. Expected one of: ['Bridge', 'Hangar', 'Depot', 'Oil_Tank', 'Farm', 'Power_Plant', 'Station', 'Building', 'Factory', 'Barrack']. Exit.
2026-09-12 09:30:27,399 - Code.Dynamic_War_Manager.Source.Context.Context - ERROR - get_dimension - class_size_structure parameter is required for asset_type 'Structure'. Exit.
2026-09-12 09:30:27,414 - Code.Dynamic_War_Manager.Source.Context.Context - WARNING - get_dimension - Asset dimensions do not fit any category: length=0, width=0, height=0, weight=0. Returning 'Unknown'.
2026-09-12 09:30:27,414 - Code.Dynamic_War_Manager.Source.Context.Context - WARNING - get_dimension - Asset dimensions do not fit any category: length=10, width=3, height=3, weight=50. Returning 'Unknown'.
2026-09-12 09:30:27,415 - Code.Dynamic_War_Manager.Source.Context.Context - WARNING - get_dimension - Asset dimensions do not fit any category: length=5, width=2, height=2, weight=0. Returning 'Unknown'.
2026-09-12 09:30:27,416 - Code.Dynamic_War_Manager.Source.Context.Context - WARNING - get_dimension - Asset dimensions do not fit any category: length=0.5, width=0.5, height=0.5, weight=0.5. Returning 'Unknown'.
2026-09-12 14:47:23,810 - Code.Dynamic_War_Manager.Source.Context.Context - ERROR - get_dimension - Invalid asset type: Missile. Expected 'Vehicle' or 'Ship'. Exit.
2026-09-12 14:47:23,811 - Code.Dynamic_War_Manager.Source.Context.Context - ERROR - get_dimension - Invalid dimensions: length=5, width=2, height=-1, weight=10. All values must be non-negative. Exit.
2026-09-12 14:47:23,811 - Code.Dynamic_War_Manager.Source.Context.Context - ERROR - get_dimension - Invalid dimensions: length=-1, width=2, height=2, weight=10. All values must be non-negative. Exit.
2026-09-12 14:47:23,811 - Code.Dynamic_War_Manager.Source.Context.Context - ERROR - get_dimension - Invalid dimensions: length=5, width=2, height=2, weight=-1. All values must be non-negative. Exit.
2026-09-12 14:47:23,811 - Code.Dynamic_War_Manager.Source.Context.Context - ERROR - get_dimension - Invalid dimensions: length=5, width=-1, height=2, weight=10. All values must be non-negative. Exit.
2026-09-12 14:47:23,811 - Code.Dynamic_War_Manager.Source.Context.Context - ERROR - get_dimension - Invalid class_size_structure: NonExistentStructure. Expected one of: ['Bridge', 'Hangar', 'Depot', 'Oil_Tank', 'Farm', 'Power_Plant', 'Station', 'Building', 'Factory', 'Barrack']. Exit.
2026-09-12 14:47:23,811 - Code.Dynamic_War_Manager.Source.Context.Context - ERROR - get_dimension - class_size_structure parameter is required for asset_type 'Structure'. Exit.
2026-09-12 14:47:23,811 - Code.Dynamic_War_Manager.Source.Context.Context - WARNING - get_dimension - Asset dimensions do not fit any category: length=0, width=0, height=0, weight=0. Returning 'Unknown'.
2026-09-12 14:47:23,812 - Code.Dynamic_War_Manager.Source.Context.Context - WARNING - get_dimension - Asset dimensions do not fit any category: length=10, width=3, height=3, weight=50. Returning 'Unknown'.
2026-09-12 14:47:23,812 - Code.Dynamic_War_Manager.Source.Context.Context - WARNING - get_dimension - Asset dimensions do not fit any category: length=5, width=2, height=2, weight=0. Returning 'Unknown'.
2026-09-12 14:47:23,813 - Code.Dynamic_War_Manager.Source.Context.Context - WARNING - get_dimension - Asset dimensions do not fit any category: length=0.5, width=0.5, height=0.5, weight=0.5. Returning 'Unknown'.
2026-09-12 14:49:14,000 - Code.Dynamic_War_Manager.Source.Context.Context - ERROR - get_dimension - Invalid asset type: Missile. Expected 'Vehicle' or 'Ship'. Exit.
2026-09-12 14:49:14,000 - Code.Dynamic_War_Manager.Source.Context.Context - ERROR - get_dimension - Invalid dimensions: length=5, width=2, height=-1, weight=10. All values must be non-negative. Exit.
2026-09-12 14:49:14,000 - Code.Dynamic_War_Manager.Source.Context.Context - ERROR - get_dimension - Invalid dimensions: length=-1, width=2, height=2, weight=10. All values must be non-negative. Exit.
2026-09-12 14:49:14,000 - Code.Dynamic_War_Manager.Source.Context.Context - ERROR - get_dimension - Invalid dimensions: length=5, width=2, height=2, weight=-1. All values must be non-negative. Exit.
2026-09-12 14:49:14,001 - Code.Dynamic_War_Manager.Source.Context.Context - ERROR - get_dimension - Invalid dimensions: length=5, width=-1, height=2, weight=10. All values must be non-negative. Exit.
2026-09-12 14:49:14,001 - Code.Dynamic_War_Manager.Source.Context.Context - ERROR - get_dimension - Invalid class_size_structure: NonExistentStructure. Expected one of: ['Bridge', 'Hangar', 'Depot', 'Oil_Tank', 'Farm', 'Power_Plant', 'Station', 'Building', 'Factory', 'Barrack']. Exit.
2026-09-12 14:49:14,001 - Code.Dynamic_War_Manager.Source.Context.Context - ERROR - get_dimension - class_size_structure parameter is required for asset_type 'Structure'. Exit.
2026-09-12 14:49:14,001 - Code.Dynamic_War_Manager.Source.Context.Context - WARNING - get_dimension - Asset dimensions do not fit any category: length=0, width=0, height=0, weight=0. Returning 'Unknown'.
2026-09-12 14:49:14,001 - Code.Dynamic_War_Manager.Source.Context.Context - WARNING - get_dimension - Asset dimensions do not fit any category: length=10, width=3, height=3, weight=50. Returning 'Unknown'.
2026-09-12 14:49:14,001 - Code.Dynamic_War_Manager.Source.Context.Context - WARNING - get_dimension - Asset dimensions do not fit any category: length=5, width=2, height=2, weight=0. Returning 'Unknown'.
2026-09-12 14:49:14,001 - Code.Dynamic_War_Manager.Source.Context.Context - WARNING - get_dimension - Asset dimensions do not fit any category: length=0.5, width=0.5, height=0.5, weight=0.5. Returning 'Unknown'.
2026-09-12 15:51:27,057 - Code.Dynamic_War_Manager.Source.Context.Context - ERROR - get_dimension - Invalid asset type: Missile. Expected 'Vehicle' or 'Ship'. Exit.
2026-09-12 15:51:27,061 - Code.Dynamic_War_Manager.Source.Context.Context - ERROR - get_dimension - Invalid dimensions: length=5, width=2, height=-1, weight=10. All values must be non-negative. Exit.
2026-09-12 15:51:27,061 - Code.Dynamic_War_Manager.Source.Context.Context - ERROR - get_dimension - Invalid dimensions: length=-1, width=2, height=2, weight=10. All values must be non-negative. Exit.
2026-09-12 15:51:27,062 - Code.Dynamic_War_Manager.Source.Context.Context - ERROR - get_dimension - Invalid dimensions: length=5, width=2, height=2, weight=-1. All values must be non-negative. Exit.
2026-09-12 15:51:27,062 - Code.Dynamic_War_Manager.Source.Context.Context - ERROR - get_dimension - Invalid dimensions: length=5, width=-1, height=2, weight=10. All values must be non-negative. Exit.
2026-09-12 15:51:27,062 - Code.Dynamic_War_Manager.Source.Context.Context - ERROR - get_dimension - Invalid class_size_structure: NonExistentStructure. Expected one of: ['Bridge', 'Hangar', 'Depot', 'Oil_Tank', 'Farm', 'Power_Plant', 'Station', 'Building', 'Factory', 'Barrack']. Exit.
2026-09-12 15:51:27,062 - Code.Dynamic_War_Manager.Source.Context.Context - ERROR - get_dimension - class_size_structure parameter is required for asset_type 'Structure'. Exit.
2026-09-12 15:51:27,062 - Code.Dynamic_War_Manager.Source.Context.Context - WARNING - get_dimension - Asset dimensions do not fit any category: length=0, width=0, height=0, weight=0. Returning 'Unknown'.
2026-09-12 15:51:27,063 - Code.Dynamic_War_Manager.Source.Context.Context - WARNING - get_dimension - Asset dimensions do not fit any category: length=10, width=3, height=3, weight=50. Returning 'Unknown'.
2026-09-12 15:51:27,063 - Code.Dynamic_War_Manager.Source.Context.Context - WARNING - get_dimension - Asset dimensions do not fit any category: length=5, width=2, height=2, weight=0. Returning 'Unknown'.
2026-09-12 15:51:27,063 - Code.Dynamic_War_Manager.Source.Context.Context - WARNING - get_dimension - Asset dimensions do not fit any category: length=0.5, width=0.5, height=0.5, weight=0.5. Returning 'Unknown'.
2026-09-12 15:57:25,956 - Code.Dynamic_War_Manager.Source.Context.Context - ERROR - get_dimension - Invalid asset type: Missile. Expected 'Vehicle' or 'Ship'. Exit.
2026-09-12 15:57:25,956 - Code.Dynamic_War_Manager.Source.Context.Context - ERROR - get_dimension - Invalid dimensions: length=5, width=2, height=-1, weight=10. All values must be non-negative. Exit.
2026-09-12 15:57:25,957 - Code.Dynamic_War_Manager.Source.Context.Context - ERROR - get_dimension - Invalid dimensions: length=-1, width=2, height=2, weight=10. All values must be non-negative. Exit.
2026-09-12 15:57:25,957 - Code.Dynamic_War_Manager.Source.Context.Context - ERROR - get_dimension - Invalid dimensions: length=5, width=2, height=2, weight=-1. All values must be non-negative. Exit.
2026-09-12 15:57:25,957 - Code.Dynamic_War_Manager.Source.Context.Context - ERROR - get_dimension - Invalid dimensions: length=5, width=-1, height=2, weight=10. All values must be non-negative. Exit.
2026-09-12 15:57:25,957 - Code.Dynamic_War_Manager.Source.Context.Context - ERROR - get_dimension - Invalid class_size_structure: NonExistentStructure. Expected one of: ['Bridge', 'Hangar', 'Depot', 'Oil_Tank', 'Farm', 'Power_Plant', 'Station', 'Building', 'Factory', 'Barrack']. Exit.
2026-09-12 15:57:25,957 - Code.Dynamic_War_Manager.Source.Context.Context - ERROR - get_dimension - class_size_structure parameter is required for asset_type 'Structure'. Exit.
2026-09-12 15:57:25,957 - Code.Dynamic_War_Manager.Source.Context.Context - WARNING - get_dimension - Asset dimensions do not fit any category: length=0, width=0, height=0, weight=0. Returning 'Unknown'.
2026-09-12 15:57:25,957 - Code.Dynamic_War_Manager.Source.Context.Context - WARNING - get_dimension - Asset dimensions do not fit any category: length=10, width=3, height=3, weight=50. Returning 'Unknown'.
2026-09-12 15:57:25,957 - Code.Dynamic_War_Manager.Source.Context.Context - WARNING - get_dimension - Asset dimensions do not fit any category: length=5, width=2, height=2, weight=0. Returning 'Unknown'.
2026-09-12 15:57:25,958 - Code.Dynamic_War_Manager.Source.Context.Context - WARNING - get_dimension - Asset dimensions do not fit any category: length=0.5, width=0.5, height=0.5, weight=0.5. Returning 'Unknown'.
2026-09-12 16:21:51,474 - Code.Dynamic_War_Manager.Source.Context.Context - ERROR - get_dimension - Invalid asset type: Missile. Expected 'Vehicle' or 'Ship'. Exit.
2026-09-12 16:21:51,474 - Code.Dynamic_War_Manager.Source.Context.Context - ERROR - get_dimension - Invalid dimensions: length=5, width=2, height=-1, weight=10. All values must be non-negative. Exit.
2026-09-12 16:21:51,474 - Code.Dynamic_War_Manager.Source.Context.Context - ERROR - get_dimension - Invalid dimensions: length=-1, width=2, height=2, weight=10. All values must be non-negative. Exit.
2026-09-12 16:21:51,474 - Code.Dynamic_War_Manager.Source.Context.Context - ERROR - get_dimension - Invalid dimensions: length=5, width=2, height=2, weight=-1. All values must be non-negative. Exit.
2026-09-12 16:21:51,474 - Code.Dynamic_War_Manager.Source.Context.Context - ERROR - get_dimension - Invalid dimensions: length=5, width=-1, height=2, weight=10. All values must be non-negative. Exit.
2026-09-12 16:21:51,474 - Code.Dynamic_War_Manager.Source.Context.Context - ERROR - get_dimension - Invalid class_size_structure: NonExistentStructure. Expected one of: ['Bridge', 'Hangar', 'Depot', 'Oil_Tank', 'Farm', 'Power_Plant', 'Station', 'Building', 'Factory', 'Barrack']. Exit.
2026-09-12 16:21:51,474 - Code.Dynamic_War_Manager.Source.Context.Context - ERROR - get_dimension - class_size_structure parameter is required for asset_type 'Structure'. Exit.
2026-09-12 16:21:51,474 - Code.Dynamic_War_Manager.Source.Context.Context - WARNING - get_dimension - Asset dimensions do not fit any category: length=0, width=0, height=0, weight=0. Returning 'Unknown'.
2026-09-12 16:21:51,475 - Code.Dynamic_War_Manager.Source.Context.Context - WARNING - get_dimension - Asset dimensions do not fit any category: length=10, width=3, height=3, weight=50. Returning 'Unknown'.
2026-09-12 16:21:51,475 - Code.Dynamic_War_Manager.Source.Context.Context - WARNING - get_dimension - Asset dimensions do not fit any category: length=5, width=2, height=2, weight=0. Returning 'Unknown'.
2026-09-12 16:21:51,475 - Code.Dynamic_War_Manager.Source.Context.Context - WARNING - get_dimension - Asset dimensions do not fit any category: length=0.5, width=0.5, height=0.5, weight=0.5. Returning 'Unknown'.
2026-09-12 17:00:02,795 - Code.Dynamic_War_Manager.Source.Context.Context - ERROR - get_dimension - Invalid asset type: Missile. Expected 'Vehicle' or 'Ship'. Exit.
2026-09-12 17:00:02,795 - Code.Dynamic_War_Manager.Source.Context.Context - ERROR - get_dimension - Invalid dimensions: length=5, width=2, height=-1, weight=10. All values must be non-negative. Exit.
2026-09-12 17:00:02,795 - Code.Dynamic_War_Manager.Source.Context.Context - ERROR - get_dimension - Invalid dimensions: length=-1, width=2, height=2, weight=10. All values must be non-negative. Exit.
2026-09-12 17:00:02,796 - Code.Dynamic_War_Manager.Source.Context.Context - ERROR - get_dimension - Invalid dimensions: length=5, width=2, height=2, weight=-1. All values must be non-negative. Exit.
2026-09-12 17:00:02,796 - Code.Dynamic_War_Manager.Source.Context.Context - ERROR - get_dimension - Invalid dimensions: length=5, width=-1, height=2, weight=10. All values must be non-negative. Exit.
2026-09-12 17:00:02,796 - Code.Dynamic_War_Manager.Source.Context.Context - ERROR - get_dimension - Invalid class_size_structure: NonExistentStructure. Expected one of: ['Bridge', 'Hangar', 'Depot', 'Oil_Tank', 'Farm', 'Power_Plant', 'Station', 'Building', 'Factory', 'Barrack']. Exit.
2026-09-12 17:00:02,796 - Code.Dynamic_War_Manager.Source.Context.Context - ERROR - get_dimension - class_size_structure parameter is required for asset_type 'Structure'. Exit.
2026-09-12 17:00:02,796 - Code.Dynamic_War_Manager.Source.Context.Context - WARNING - get_dimension - Asset dimensions do not fit any category: length=0, width=0, height=0, weight=0. Returning 'Unknown'.
2026-09-12 17:00:02,796 - Code.Dynamic_War_Manager.Source.Context.Context - WARNING - get_dimension - Asset dimensions do not fit any category: length=10, width=3, height=3, weight=50. Returning 'Unknown'.
2026-09-12 17:00:02,796 - Code.Dynamic_War_Manager.Source.Context.Context - WARNING - get_dimension - Asset dimensions do not fit any category: length=5, width=2, height=2, weight=0. Returning 'Unknown'.
2026-09-12 17:00:02,797 - Code.Dynamic_War_Manager.Source.Context.Context - WARNING - get_dimension - Asset dimensions do not fit any category: length=0.5, width=0.5, height=0.5, weight=0.5. Returning 'Unknown'.
